Archive member included to satisfy reference by file (symbol)

/usr/local/gcc-arm-none-eabi-10.3-2021.10/bin/../lib/gcc/arm-none-eabi/10.3.1/thumb/v7-m/nofp/libgcc.a(_aeabi_uldivmod.o)
                              obj_zoul/cc2538-rf.o (__aeabi_uldivmod)
/usr/local/gcc-arm-none-eabi-10.3-2021.10/bin/../lib/gcc/arm-none-eabi/10.3.1/thumb/v7-m/nofp/libgcc.a(_udivmoddi4.o)
                              /usr/local/gcc-arm-none-eabi-10.3-2021.10/bin/../lib/gcc/arm-none-eabi/10.3.1/thumb/v7-m/nofp/libgcc.a(_aeabi_uldivmod.o) (__udivmoddi4)
/usr/local/gcc-arm-none-eabi-10.3-2021.10/bin/../lib/gcc/arm-none-eabi/10.3.1/thumb/v7-m/nofp/libgcc.a(_dvmd_tls.o)
                              /usr/local/gcc-arm-none-eabi-10.3-2021.10/bin/../lib/gcc/arm-none-eabi/10.3.1/thumb/v7-m/nofp/libgcc.a(_aeabi_uldivmod.o) (__aeabi_ldiv0)
/usr/local/gcc-arm-none-eabi-10.3-2021.10/bin/../lib/gcc/arm-none-eabi/10.3.1/../../../../arm-none-eabi/lib/thumb/v7-m/nofp/libc.a(lib_a-ctype_.o)
                              obj_zoul/resolv.o (_ctype_)
/usr/local/gcc-arm-none-eabi-10.3-2021.10/bin/../lib/gcc/arm-none-eabi/10.3.1/../../../../arm-none-eabi/lib/thumb/v7-m/nofp/libc.a(lib_a-memcmp.o)
                              obj_zoul/slip.o (memcmp)
/usr/local/gcc-arm-none-eabi-10.3-2021.10/bin/../lib/gcc/arm-none-eabi/10.3.1/../../../../arm-none-eabi/lib/thumb/v7-m/nofp/libc.a(lib_a-memcpy.o)
                              obj_zoul/rtcc.o (memcpy)
/usr/local/gcc-arm-none-eabi-10.3-2021.10/bin/../lib/gcc/arm-none-eabi/10.3.1/../../../../arm-none-eabi/lib/thumb/v7-m/nofp/libc.a(lib_a-memmove.o)
                              obj_zoul/mmem.o (memmove)
/usr/local/gcc-arm-none-eabi-10.3-2021.10/bin/../lib/gcc/arm-none-eabi/10.3.1/../../../../arm-none-eabi/lib/thumb/v7-m/nofp/libc.a(lib_a-memset.o)
                              obj_zoul/gpio.o (memset)
/usr/local/gcc-arm-none-eabi-10.3-2021.10/bin/../lib/gcc/arm-none-eabi/10.3.1/../../../../arm-none-eabi/lib/thumb/v7-m/nofp/libc.a(lib_a-reent.o)
                              obj_zoul/syscalls.o (errno)
/usr/local/gcc-arm-none-eabi-10.3-2021.10/bin/../lib/gcc/arm-none-eabi/10.3.1/../../../../arm-none-eabi/lib/thumb/v7-m/nofp/libc.a(lib_a-strcasecmp.o)
                              obj_zoul/resolv.o (strcasecmp)
/usr/local/gcc-arm-none-eabi-10.3-2021.10/bin/../lib/gcc/arm-none-eabi/10.3.1/../../../../arm-none-eabi/lib/thumb/v7-m/nofp/libc.a(lib_a-strcat.o)
                              obj_zoul/resolv.o (strcat)
/usr/local/gcc-arm-none-eabi-10.3-2021.10/bin/../lib/gcc/arm-none-eabi/10.3.1/../../../../arm-none-eabi/lib/thumb/v7-m/nofp/libc.a(lib_a-strcmp.o)
                              obj_zoul/cfs-coffee.o (strcmp)
/usr/local/gcc-arm-none-eabi-10.3-2021.10/bin/../lib/gcc/arm-none-eabi/10.3.1/../../../../arm-none-eabi/lib/thumb/v7-m/nofp/libc.a(lib_a-strcpy.o)
                              /usr/local/gcc-arm-none-eabi-10.3-2021.10/bin/../lib/gcc/arm-none-eabi/10.3.1/../../../../arm-none-eabi/lib/thumb/v7-m/nofp/libc.a(lib_a-strcat.o) (strcpy)
/usr/local/gcc-arm-none-eabi-10.3-2021.10/bin/../lib/gcc/arm-none-eabi/10.3.1/../../../../arm-none-eabi/lib/thumb/v7-m/nofp/libc.a(lib_a-strlen-stub.o)
                              obj_zoul/sensors.o (strlen)
/usr/local/gcc-arm-none-eabi-10.3-2021.10/bin/../lib/gcc/arm-none-eabi/10.3.1/../../../../arm-none-eabi/lib/thumb/v7-m/nofp/libc.a(lib_a-strncasecmp.o)
                              obj_zoul/resolv.o (strncasecmp)
/usr/local/gcc-arm-none-eabi-10.3-2021.10/bin/../lib/gcc/arm-none-eabi/10.3.1/../../../../arm-none-eabi/lib/thumb/v7-m/nofp/libc.a(lib_a-strncat.o)
                              obj_zoul/resolv.o (strncat)
/usr/local/gcc-arm-none-eabi-10.3-2021.10/bin/../lib/gcc/arm-none-eabi/10.3.1/../../../../arm-none-eabi/lib/thumb/v7-m/nofp/libc.a(lib_a-strncmp.o)
                              obj_zoul/sensors.o (strncmp)
/usr/local/gcc-arm-none-eabi-10.3-2021.10/bin/../lib/gcc/arm-none-eabi/10.3.1/../../../../arm-none-eabi/lib/thumb/v7-m/nofp/libc.a(lib_a-strncpy.o)
                              obj_zoul/cfs-coffee.o (strncpy)
/usr/local/gcc-arm-none-eabi-10.3-2021.10/bin/../lib/gcc/arm-none-eabi/10.3.1/../../../../arm-none-eabi/lib/thumb/v7-m/nofp/libc.a(lib_a-freer.o)
                              /usr/local/gcc-arm-none-eabi-10.3-2021.10/bin/../lib/gcc/arm-none-eabi/10.3.1/../../../../arm-none-eabi/lib/thumb/v7-m/nofp/libc.a(lib_a-reent.o) (_free_r)
/usr/local/gcc-arm-none-eabi-10.3-2021.10/bin/../lib/gcc/arm-none-eabi/10.3.1/../../../../arm-none-eabi/lib/thumb/v7-m/nofp/libc.a(lib_a-impure.o)
                              /usr/local/gcc-arm-none-eabi-10.3-2021.10/bin/../lib/gcc/arm-none-eabi/10.3.1/../../../../arm-none-eabi/lib/thumb/v7-m/nofp/libc.a(lib_a-reent.o) (_impure_ptr)
/usr/local/gcc-arm-none-eabi-10.3-2021.10/bin/../lib/gcc/arm-none-eabi/10.3.1/../../../../arm-none-eabi/lib/thumb/v7-m/nofp/libc.a(lib_a-mallocr.o)
[...]
Memory Configuration

Name             Origin             Length             Attributes
FLASH_FW         0x0000000000202000 0x000000000007dfd4 xr
FLASH_CCA        0x000000000027ffd4 0x000000000000002c xr
NRSRAM           0x0000000020000000 0x0000000000004000 xrw
FRSRAM           0x0000000020004000 0x0000000000004000 xrw
*default*        0x0000000000000000 0xffffffffffffffff

Linker script and memory map

LOAD obj_zoul/startup-gcc.o
LOAD obj_zoul/contiki-main.o
LOAD obj_zoul/leds.o
LOAD obj_zoul/cc1200-zoul-arch.o
LOAD obj_zoul/adc-zoul.o
LOAD obj_zoul/button-sensor.o
LOAD obj_zoul/zoul-sensors.o
LOAD obj_zoul/board.o
LOAD obj_zoul/antenna-sw.o
LOAD obj_zoul/rtcc.o
LOAD obj_zoul/leds-res-arch.o
LOAD obj_zoul/power-mgmt.o
LOAD obj_zoul/soc.o
LOAD obj_zoul/clock.o
LOAD obj_zoul/rtimer-arch.o
LOAD obj_zoul/uart.o
LOAD obj_zoul/watchdog.o
LOAD obj_zoul/nvic.o
LOAD obj_zoul/cpu.o
LOAD obj_zoul/sys-ctrl.o
LOAD obj_zoul/gpio.o
LOAD obj_zoul/ioc.o
LOAD obj_zoul/spi.o
LOAD obj_zoul/adc.o
LOAD obj_zoul/crypto.o
LOAD obj_zoul/aes.o
LOAD obj_zoul/ecb.o
LOAD obj_zoul/cbc.o
LOAD obj_zoul/ctr.o
LOAD obj_zoul/cbc-mac.o
LOAD obj_zoul/gcm.o
LOAD obj_zoul/ccm.o
LOAD obj_zoul/sha256.o
LOAD obj_zoul/cc2538-aes-128.o
LOAD obj_zoul/cc2538-ccm-star.o
LOAD obj_zoul/cc2538-rf.o
LOAD obj_zoul/udma.o
LOAD obj_zoul/lpm.o
LOAD obj_zoul/pka.o
LOAD obj_zoul/bignum-driver.o
LOAD obj_zoul/ecc-driver.o
LOAD obj_zoul/ecc-algorithm.o
LOAD obj_zoul/ecc-curve.o
LOAD obj_zoul/dbg.o
LOAD obj_zoul/ieee-addr.o
LOAD obj_zoul/slip-arch.o
LOAD obj_zoul/slip.o
LOAD obj_zoul/i2c.o
LOAD obj_zoul/cc2538-temp-sensor.o
LOAD obj_zoul/vdd3-sensor.o
LOAD obj_zoul/cfs-coffee.o
LOAD obj_zoul/cfs-coffee-arch.o
LOAD obj_zoul/pwm.o
LOAD obj_zoul/dbg-printf.o
LOAD obj_zoul/dbg-snprintf.o
LOAD obj_zoul/dbg-sprintf.o
LOAD obj_zoul/strformat.o
LOAD obj_zoul/usb-core.o
LOAD obj_zoul/cdc-acm.o
LOAD obj_zoul/usb-arch.o
LOAD obj_zoul/usb-serial.o
LOAD obj_zoul/cdc-acm-descriptors.o
LOAD obj_zoul/arg.o
LOAD obj_zoul/autostart.o
LOAD obj_zoul/compower.o
LOAD obj_zoul/ctimer.o
LOAD obj_zoul/energest.o
LOAD obj_zoul/etimer.o
LOAD obj_zoul/mt.o
LOAD obj_zoul/process.o
LOAD obj_zoul/procinit.o
LOAD obj_zoul/rtimer.o
LOAD obj_zoul/stimer.o
LOAD obj_zoul/timer.o
LOAD obj_zoul/nullradio.o
LOAD obj_zoul/serial-line.o
LOAD obj_zoul/aes-128.o
LOAD obj_zoul/assert.o
LOAD obj_zoul/ccm-star.o
LOAD obj_zoul/crc16.o
LOAD obj_zoul/gcr.o
LOAD obj_zoul/ifft.o
LOAD obj_zoul/list.o
LOAD obj_zoul/me.o
LOAD obj_zoul/memb.o
LOAD obj_zoul/me_tabs.o
LOAD obj_zoul/mmem.o
LOAD obj_zoul/petsciiconv.o
LOAD obj_zoul/print-stats.o
LOAD obj_zoul/random.o
LOAD obj_zoul/ringbuf.o
LOAD obj_zoul/ringbufindex.o
LOAD obj_zoul/sensors.o
LOAD obj_zoul/settings.o
LOAD obj_zoul/trickle-timer.o
LOAD obj_zoul/sicslowpan.o
LOAD obj_zoul/uip6.o
LOAD obj_zoul/uip-ds6.o
LOAD obj_zoul/uip-ds6-nbr.o
LOAD obj_zoul/uip-ds6-route.o
LOAD obj_zoul/uip-icmp6.o
LOAD obj_zoul/uip-nd6.o
LOAD obj_zoul/dhcpc.o
LOAD obj_zoul/ip64-addr.o
LOAD obj_zoul/psock.o
LOAD obj_zoul/resolv.o
LOAD obj_zoul/simple-udp.o
LOAD obj_zoul/slipdev.o
LOAD obj_zoul/tcpip.o
LOAD obj_zoul/tcp-socket.o
LOAD obj_zoul/udp-socket.o
LOAD obj_zoul/uip-debug.o
LOAD obj_zoul/uiplib.o
LOAD obj_zoul/uip-nameserver.o
LOAD obj_zoul/uip-packetqueue.o
LOAD obj_zoul/uip-split.o
LOAD obj_zoul/uip-udp-packet.o
LOAD obj_zoul/rpl.o
LOAD obj_zoul/rpl-dag.o
LOAD obj_zoul/rpl-dag-root.o
LOAD obj_zoul/rpl-ext-header.o
LOAD obj_zoul/rpl-icmp6.o
LOAD obj_zoul/rpl-mrhof.o
LOAD obj_zoul/rpl-nbr-policy.o
LOAD obj_zoul/rpl-ns.o
LOAD obj_zoul/rpl-of0.o
LOAD obj_zoul/rpl-timers.o
LOAD obj_zoul/syscalls.o
LOAD obj_zoul/linkaddr.o
LOAD obj_zoul/link-stats.o
LOAD obj_zoul/nbr-table.o
LOAD obj_zoul/net-debug.o
LOAD obj_zoul/netstack.o
LOAD obj_zoul/packetbuf.o
LOAD obj_zoul/queuebuf.o
LOAD obj_zoul/csma.o
LOAD obj_zoul/frame802154.o
LOAD obj_zoul/frame802154e-ie.o
LOAD obj_zoul/framer-802154.o
LOAD obj_zoul/framer-nullmac.o
LOAD obj_zoul/mac.o
LOAD obj_zoul/mac-sequence.o
LOAD obj_zoul/nordc.o
LOAD obj_zoul/nullmac.o
LOAD obj_zoul/nullrdc.o
LOAD obj_zoul/nullrdc-noframer.o
LOAD obj_zoul/phase.o
LOAD obj_zoul/contikimac.o
LOAD obj_zoul/contikimac-framer.o
LOAD obj_zoul/anti-replay.o
LOAD obj_zoul/ccm-star-packetbuf.o
LOAD obj_zoul/nullsec.o
LOAD obj_zoul/noncoresec.o
LOAD obj_zoul/cc1200-802154g-863-870-fsk-50kbps.o
LOAD obj_zoul/cc1200-868-fsk-1-2kbps.o
LOAD obj_zoul/cc1200.o
LOAD 01-hello-world.co
START GROUP
LOAD /usr/local/gcc-arm-none-eabi-10.3-2021.10/bin/../lib/gcc/arm-none-eabi/10.3.1/thumb/v7-m/nofp/libgcc.a
LOAD /usr/local/gcc-arm-none-eabi-10.3-2021.10/bin/../lib/gcc/arm-none-eabi/10.3.1/../../../../arm-none-eabi/lib/thumb/v7-m/nofp/libc.a
END GROUP

.text           0x0000000000202000     0xa666
                0x0000000000202000                _text = .
 *(SORT_BY_ALIGNMENT(.vectors))
 .vectors       0x0000000000202000      0x28c obj_zoul/startup-gcc.o
                0x0000000000202000                vectors
 *(SORT_BY_ALIGNMENT(.text*))
 .text.reset_handler
                0x000000000020228c       0x44 obj_zoul/startup-gcc.o
                0x000000000020228c                reset_handler
 .text.startup.main
                0x00000000002022d0      0x1b8 obj_zoul/contiki-main.o
                0x00000000002022d0                main
 .text.leds_init
                0x0000000000202488       0x14 obj_zoul/leds.o
                0x0000000000202488                leds_init
 .text.leds_on  0x000000000020249c       0x10 obj_zoul/leds.o
                0x000000000020249c                leds_on
 .text.leds_off
                0x00000000002024ac       0x14 obj_zoul/leds.o
                0x00000000002024ac                leds_off
 .text.value    0x00000000002024c0       0x20 obj_zoul/button-sensor.o
 .text.duration_exceeded_callback
                0x00000000002024e0       0x3c obj_zoul/button-sensor.o
 .text.config_user
                0x000000000020251c       0xa4 obj_zoul/button-sensor.o
 .text.btn_callback
                0x00000000002025c0       0x5c obj_zoul/button-sensor.o
 .text.antenna_sw_config
                0x000000000020261c       0x30 obj_zoul/antenna-sw.o
                0x000000000020261c                antenna_sw_config
 .text.leds_arch_init
                0x000000000020264c       0x44 obj_zoul/leds-res-arch.o
                0x000000000020264c                leds_arch_init
 .text.leds_arch_set
                0x0000000000202690       0x34 obj_zoul/leds-res-arch.o
                0x0000000000202690                leds_arch_set
 .text.soc_get_rev
                0x00000000002026c4       0x18 obj_zoul/soc.o
                0x00000000002026c4                soc_get_rev
 .text.soc_get_sram_size
                0x00000000002026dc       0x20 obj_zoul/soc.o
                0x00000000002026dc                soc_get_sram_size
 .text.soc_print_info
                0x00000000002026fc       0x70 obj_zoul/soc.o
                0x00000000002026fc                soc_print_info
 .text.update_ticks
                0x000000000020276c       0x54 obj_zoul/clock.o
 .text.clock_init
                0x00000000002027c0       0x44 obj_zoul/clock.o
                0x00000000002027c0                clock_init
 .text.clock_time
                0x0000000000202804       0x14 obj_zoul/clock.o
                0x0000000000202804                clock_time
 .text.clock_seconds
                0x0000000000202818       0x14 obj_zoul/clock.o
                0x0000000000202818                clock_seconds
 .text.clock_delay_usec
                0x000000000020282c       0x18 obj_zoul/clock.o
                0x000000000020282c                clock_delay_usec
 .text.rtimer_arch_next_trigger
                0x0000000000202844        0xc obj_zoul/rtimer-arch.o
                0x0000000000202844                rtimer_arch_next_trigger
 .text.rtimer_arch_now
                0x0000000000202850       0x1c obj_zoul/rtimer-arch.o
                0x0000000000202850                rtimer_arch_now
 .text.rtimer_arch_schedule
                0x000000000020286c       0x4c obj_zoul/rtimer-arch.o
                0x000000000020286c                rtimer_arch_schedule
 .text.rtimer_isr
                0x00000000002028b8       0x24 obj_zoul/rtimer-arch.o
                0x00000000002028b8                rtimer_isr
 .text.permit_pm1
                0x00000000002028dc       0x24 obj_zoul/uart.o
 .text.uart_isr
                0x0000000000202900       0x60 obj_zoul/uart.o
 .text.uart_init
                0x0000000000202960      0x17c obj_zoul/uart.o
                0x0000000000202960                uart_init
 .text.uart_set_input
                0x0000000000202adc       0x10 obj_zoul/uart.o
                0x0000000000202adc                uart_set_input
 .text.uart_write_byte
                0x0000000000202aec       0x1c obj_zoul/uart.o
                0x0000000000202aec                uart_write_byte
 .text.watchdog_init
                0x0000000000202b08        0xc obj_zoul/watchdog.o
                0x0000000000202b08                watchdog_init
 .text.watchdog_start
                0x0000000000202b14        0xc obj_zoul/watchdog.o
                0x0000000000202b14                watchdog_start
 .text.watchdog_periodic
                0x0000000000202b20       0x10 obj_zoul/watchdog.o
                0x0000000000202b20                watchdog_periodic
 .text.nvic_init
                0x0000000000202b30       0x3c obj_zoul/nvic.o
                0x0000000000202b30                nvic_init
 .text.nvic_interrupt_enable
                0x0000000000202b6c       0x1c obj_zoul/nvic.o
                0x0000000000202b6c                nvic_interrupt_enable
 .text.nvic_interrupt_disable
                0x0000000000202b88       0x1c obj_zoul/nvic.o
                0x0000000000202b88                nvic_interrupt_disable
 .text.nvic_interrupt_unpend
                0x0000000000202ba4       0x1c obj_zoul/nvic.o
                0x0000000000202ba4                nvic_interrupt_unpend
 .text.sys_ctrl_get_reset_cause
                0x0000000000202bc0       0x10 obj_zoul/sys-ctrl.o
                0x0000000000202bc0                sys_ctrl_get_reset_cause
 .text.sys_ctrl_get_reset_cause_str
                0x0000000000202bd0       0x14 obj_zoul/sys-ctrl.o
                0x0000000000202bd0                sys_ctrl_get_reset_cause_str
 .text.sys_ctrl_init
                0x0000000000202be4       0x78 obj_zoul/sys-ctrl.o
                0x0000000000202be4                sys_ctrl_init
 .text.sys_ctrl_get_sys_clock
                0x0000000000202c5c       0x18 obj_zoul/sys-ctrl.o
                0x0000000000202c5c                sys_ctrl_get_sys_clock
 .text.sys_ctrl_get_io_clock
                0x0000000000202c74       0x18 obj_zoul/sys-ctrl.o
                0x0000000000202c74                sys_ctrl_get_io_clock
 .text.gpio_register_callback
                0x0000000000202c8c       0x10 obj_zoul/gpio.o
                0x0000000000202c8c                gpio_register_callback
 .text.notify   0x0000000000202c9c       0x30 obj_zoul/gpio.o
                0x0000000000202c9c                notify
 .text.gpio_port_isr
                0x0000000000202ccc       0x4c obj_zoul/gpio.o
 .text.gpio_init
                0x0000000000202d18       0x10 obj_zoul/gpio.o
                0x0000000000202d18                gpio_init
 .text.ioc_init
                0x0000000000202d28       0x1c obj_zoul/ioc.o
                0x0000000000202d28                ioc_init
 .text.ioc_set_over
                0x0000000000202d44       0x14 obj_zoul/ioc.o
                0x0000000000202d44                ioc_set_over
 .text.ioc_set_sel
                0x0000000000202d58       0x14 obj_zoul/ioc.o
                0x0000000000202d58                ioc_set_sel
 .text.adc_get  0x0000000000202d6c       0x64 obj_zoul/adc.o
                0x0000000000202d6c                adc_get
 .text.permit_pm1
                0x0000000000202dd0       0x14 obj_zoul/crypto.o
 .text.crypto_isr
                0x0000000000202de4       0x24 obj_zoul/crypto.o
                0x0000000000202de4                crypto_isr
 .text.crypto_enable
                0x0000000000202e08       0x20 obj_zoul/crypto.o
                0x0000000000202e08                crypto_enable
 .text.crypto_init
                0x0000000000202e28       0x3c obj_zoul/crypto.o
                0x0000000000202e28                crypto_init
 .text.crypto_disable
                0x0000000000202e64       0x20 obj_zoul/crypto.o
                0x0000000000202e64                crypto_disable
 .text.off      0x0000000000202e84       0x40 obj_zoul/cc2538-rf.o
 .text.receiving_packet
                0x0000000000202ec4       0x18 obj_zoul/cc2538-rf.o
 .text.pending_packet
                0x0000000000202edc       0x10 obj_zoul/cc2538-rf.o
 .text.set_frame_filtering
                0x0000000000202eec       0x1c obj_zoul/cc2538-rf.o
 .text.on       0x0000000000202f08       0x30 obj_zoul/cc2538-rf.o
 .text.set_channel
                0x0000000000202f38       0x48 obj_zoul/cc2538-rf.o
 .text.get_value
                0x0000000000202f80      0x14c obj_zoul/cc2538-rf.o
 .text.channel_clear
                0x00000000002030cc       0x34 obj_zoul/cc2538-rf.o
 .text.prepare  0x0000000000203100       0x64 obj_zoul/cc2538-rf.o
 .text.transmit
                0x0000000000203164       0xa8 obj_zoul/cc2538-rf.o
 .text.set_object
                0x000000000020320c       0x30 obj_zoul/cc2538-rf.o
 .text.read     0x000000000020323c       0xfc obj_zoul/cc2538-rf.o
 .text.set_poll_mode
                0x0000000000203338       0xa8 obj_zoul/cc2538-rf.o
 .text.set_value
                0x00000000002033e0       0xe8 obj_zoul/cc2538-rf.o
 .text.init     0x00000000002034c8       0xcc obj_zoul/cc2538-rf.o
 .text.process_thread_cc2538_rf_process
                0x0000000000203594       0x90 obj_zoul/cc2538-rf.o
 .text.get_object
                0x0000000000203624      0x11c obj_zoul/cc2538-rf.o
 .text.cc2538_rf_rx_tx_isr
                0x0000000000203740       0x24 obj_zoul/cc2538-rf.o
                0x0000000000203740                cc2538_rf_rx_tx_isr
 .text.cc2538_rf_err_isr
                0x0000000000203764       0x2c obj_zoul/cc2538-rf.o
                0x0000000000203764                cc2538_rf_err_isr
 .text.udma_init
                0x0000000000203790       0x30 obj_zoul/udma.o
                0x0000000000203790                udma_init
 .text.udma_set_channel_src
                0x00000000002037c0       0x10 obj_zoul/udma.o
                0x00000000002037c0                udma_set_channel_src
 .text.udma_set_channel_dst
                0x00000000002037d0       0x14 obj_zoul/udma.o
                0x00000000002037d0                udma_set_channel_dst
 .text.udma_set_channel_control_word
                0x00000000002037e4       0x14 obj_zoul/udma.o
                0x00000000002037e4                udma_set_channel_control_word
 .text.udma_channel_enable
                0x00000000002037f8       0x18 obj_zoul/udma.o
                0x00000000002037f8                udma_channel_enable
 .text.udma_channel_mask_set
                0x0000000000203810       0x18 obj_zoul/udma.o
                0x0000000000203810                udma_channel_mask_set
 .text.udma_channel_sw_request
                0x0000000000203828       0x18 obj_zoul/udma.o
                0x0000000000203828                udma_channel_sw_request
 .text.udma_channel_get_mode
                0x0000000000203840       0x1c obj_zoul/udma.o
                0x0000000000203840                udma_channel_get_mode
 .text.udma_isr
                0x000000000020385c       0x10 obj_zoul/udma.o
                0x000000000020385c                udma_isr
 .text.udma_err_isr
                0x000000000020386c        0xc obj_zoul/udma.o
                0x000000000020386c                udma_err_isr
 .text.select_32_mhz_xosc
                0x0000000000203878       0x24 obj_zoul/lpm.o
 .text.lpm_exit
                0x000000000020389c       0x28 obj_zoul/lpm.o
                0x000000000020389c                lpm_exit
 .text.lpm_enter
                0x00000000002038c4       0xac obj_zoul/lpm.o
                0x00000000002038c4                lpm_enter
 .text.lpm_register_peripheral
                0x0000000000203970       0x24 obj_zoul/lpm.o
                0x0000000000203970                lpm_register_peripheral
 .text.lpm_init
                0x0000000000203994       0x28 obj_zoul/lpm.o
                0x0000000000203994                lpm_init
 .text.pka_isr  0x00000000002039bc       0x24 obj_zoul/pka.o
                0x00000000002039bc                pka_isr
 .text.ieee_addr_cpy_to
                0x00000000002039e0       0x6c obj_zoul/ieee-addr.o
                0x00000000002039e0                ieee_addr_cpy_to
 .text.printf   0x0000000000203a4c       0x20 obj_zoul/dbg-printf.o
                0x0000000000203a4c                printf
 .text.fill_space
                0x0000000000203a6c       0x34 obj_zoul/strformat.o
 .text.format_str_v
                0x0000000000203aa0      0x720 obj_zoul/strformat.o
                0x0000000000203aa0                format_str_v
 .text.process_thread_ctimer_process
                0x00000000002041c0       0x7c obj_zoul/ctimer.o
 .text.ctimer_init
                0x000000000020423c       0x28 obj_zoul/ctimer.o
                0x000000000020423c                ctimer_init
 .text.ctimer_set_with_process
                0x0000000000204264       0x44 obj_zoul/ctimer.o
                0x0000000000204264                ctimer_set_with_process
 .text.ctimer_set
                0x00000000002042a8       0x14 obj_zoul/ctimer.o
                0x00000000002042a8                ctimer_set
 .text.ctimer_reset
                0x00000000002042bc       0x38 obj_zoul/ctimer.o
                0x00000000002042bc                ctimer_reset
 .text.ctimer_restart
                0x00000000002042f4       0x38 obj_zoul/ctimer.o
                0x00000000002042f4                ctimer_restart
 .text.ctimer_stop
                0x000000000020432c       0x2c obj_zoul/ctimer.o
                0x000000000020432c                ctimer_stop
 .text.update_time
                0x0000000000204358       0x40 obj_zoul/etimer.o
 .text.etimer_request_poll
                0x0000000000204398        0xc obj_zoul/etimer.o
                0x0000000000204398                etimer_request_poll
 .text.process_thread_etimer_process
                0x00000000002043a4       0xa8 obj_zoul/etimer.o
 .text.add_timer
                0x000000000020444c       0x40 obj_zoul/etimer.o
 .text.etimer_pending
                0x000000000020448c       0x10 obj_zoul/etimer.o
                0x000000000020448c                etimer_pending
 .text.etimer_stop
                0x000000000020449c       0x34 obj_zoul/etimer.o
                0x000000000020449c                etimer_stop
 .text.call_process.part.0
                0x00000000002044d0       0x38 obj_zoul/process.o
 .text.exit_process
                0x0000000000204508       0x80 obj_zoul/process.o
 .text.do_poll  0x0000000000204588       0x30 obj_zoul/process.o
 .text.process_alloc_event
                0x00000000002045b8       0x10 obj_zoul/process.o
                0x00000000002045b8                process_alloc_event
 .text.process_init
                0x00000000002045c8       0x30 obj_zoul/process.o
                0x00000000002045c8                process_init
 .text.process_run
                0x00000000002045f8       0x84 obj_zoul/process.o
                0x00000000002045f8                process_run
 .text.process_nevents
                0x000000000020467c       0x14 obj_zoul/process.o
                0x000000000020467c                process_nevents
 .text.process_post
                0x0000000000204690       0x3c obj_zoul/process.o
                0x0000000000204690                process_post
 .text.process_post_synch
                0x00000000002046cc       0x14 obj_zoul/process.o
                0x00000000002046cc                process_post_synch
 .text.process_start
                0x00000000002046e0       0x30 obj_zoul/process.o
                0x00000000002046e0                process_start
 .text.process_poll
                0x0000000000204710       0x18 obj_zoul/process.o
                0x0000000000204710                process_poll
 .text.rtimer_set
                0x0000000000204728       0x24 obj_zoul/rtimer.o
                0x0000000000204728                rtimer_set
 .text.rtimer_run_next
                0x000000000020474c       0x28 obj_zoul/rtimer.o
                0x000000000020474c                rtimer_run_next
 .text.process_thread_serial_line_process
                0x0000000000204774       0x98 obj_zoul/serial-line.o
 .text.serial_line_input_byte
                0x000000000020480c       0x48 obj_zoul/serial-line.o
                0x000000000020480c                serial_line_input_byte
 .text.serial_line_init
                0x0000000000204854       0x24 obj_zoul/serial-line.o
                0x0000000000204854                serial_line_init
 .text.random_rand
                0x0000000000204878       0x1c obj_zoul/random.o
                0x0000000000204878                random_rand
 .text.random_init
                0x0000000000204894       0x70 obj_zoul/random.o
                0x0000000000204894                random_init
 .text.process_thread_sensors_process
                0x0000000000204904       0xd4 obj_zoul/sensors.o
 .text.sensors_changed
                0x00000000002049d8       0x3c obj_zoul/sensors.o
                0x00000000002049d8                sensors_changed
 .text.clear_fragments
                0x0000000000204a14       0x38 obj_zoul/sicslowpan.o
 .text.sicslowpan_init
                0x0000000000204a4c       0x24 obj_zoul/sicslowpan.o
                0x0000000000204a4c                sicslowpan_init
 .text.compress_addr_64
                0x0000000000204a70       0x8c obj_zoul/sicslowpan.o
 .text.set_packet_attrs
                0x0000000000204afc       0x40 obj_zoul/sicslowpan.o
 .text.addr_context_lookup_by_prefix
                0x0000000000204b3c       0x28 obj_zoul/sicslowpan.o
 .text.send_packet
                0x0000000000204b64       0x24 obj_zoul/sicslowpan.o
 .text.packet_sent
                0x0000000000204b88       0x28 obj_zoul/sicslowpan.o
 .text.store_fragment
                0x0000000000204bb0       0x68 obj_zoul/sicslowpan.o
 .text.add_fragment
                0x0000000000204c18      0x14c obj_zoul/sicslowpan.o
 .text.uncompress_addr
                0x0000000000204d64       0x7c obj_zoul/sicslowpan.o
 .text.output   0x0000000000204de0      0x6c0 obj_zoul/sicslowpan.o
 .text.input    0x00000000002054a0      0x580 obj_zoul/sicslowpan.o
 .text.upper_layer_chksum
                0x0000000000205a20       0x54 obj_zoul/uip6.o
 .text.ext_hdr_options_process
                0x0000000000205a74       0xb0 obj_zoul/uip6.o
 .text.uip_add32
                0x0000000000205b24       0x54 obj_zoul/uip6.o
                0x0000000000205b24                uip_add32
 .text.uip_add_rcv_nxt
                0x0000000000205b78       0x2c obj_zoul/uip6.o
 .text.uip_init
                0x0000000000205ba4       0x54 obj_zoul/uip6.o
                0x0000000000205ba4                uip_init
 .text.remove_ext_hdr
                0x0000000000205bf8       0x58 obj_zoul/uip6.o
                0x0000000000205bf8                remove_ext_hdr
 .text.uip_unlisten
                0x0000000000205c50       0x24 obj_zoul/uip6.o
                0x0000000000205c50                uip_unlisten
 .text.uip_process
                0x0000000000205c74      0xc64 obj_zoul/uip6.o
                0x0000000000205c74                uip_process
 .text.uip_ds6_prefix_add
                0x00000000002068d8       0x60 obj_zoul/uip-ds6.o
                0x00000000002068d8                uip_ds6_prefix_add
 .text.uip_ds6_is_addr_onlink
                0x0000000000206938       0x3c obj_zoul/uip-ds6.o
                0x0000000000206938                uip_ds6_is_addr_onlink
 .text.uip_ds6_addr_lookup
                0x0000000000206974       0x2c obj_zoul/uip-ds6.o
                0x0000000000206974                uip_ds6_addr_lookup
 .text.uip_ds6_get_link_local
                0x00000000002069a0       0x3c obj_zoul/uip-ds6.o
                0x00000000002069a0                uip_ds6_get_link_local
 .text.uip_ds6_maddr_add
                0x00000000002069dc       0x48 obj_zoul/uip-ds6.o
                0x00000000002069dc                uip_ds6_maddr_add
 .text.uip_ds6_addr_add
                0x0000000000206a24       0x98 obj_zoul/uip-ds6.o
                0x0000000000206a24                uip_ds6_addr_add
 .text.uip_ds6_maddr_lookup
                0x0000000000206abc       0x2c obj_zoul/uip-ds6.o
                0x0000000000206abc                uip_ds6_maddr_lookup
 .text.uip_ds6_addr_rm
                0x0000000000206ae8       0x44 obj_zoul/uip-ds6.o
                0x0000000000206ae8                uip_ds6_addr_rm
 .text.uip_ds6_periodic
                0x0000000000206b2c       0x48 obj_zoul/uip-ds6.o
                0x0000000000206b2c                uip_ds6_periodic
 .text.uip_ds6_select_src
                0x0000000000206b74       0x94 obj_zoul/uip-ds6.o
                0x0000000000206b74                uip_ds6_select_src
 .text.uip_ds6_compute_reachable_time
                0x0000000000206c08       0x2c obj_zoul/uip-ds6.o
                0x0000000000206c08                uip_ds6_compute_reachable_time
 .text.uip_ds6_init
                0x0000000000206c34       0xe0 obj_zoul/uip-ds6.o
                0x0000000000206c34                uip_ds6_init
 .text.uip_ds6_nbr_rm
                0x0000000000206d14       0x20 obj_zoul/uip-ds6-nbr.o
                0x0000000000206d14                uip_ds6_nbr_rm
 .text.uip_ds6_neighbors_init
                0x0000000000206d34       0x1c obj_zoul/uip-ds6-nbr.o
                0x0000000000206d34                uip_ds6_neighbors_init
 .text.uip_ds6_nbr_add
                0x0000000000206d50       0x3c obj_zoul/uip-ds6-nbr.o
                0x0000000000206d50                uip_ds6_nbr_add
 .text.uip_ds6_nbr_get_ll
                0x0000000000206d8c       0x10 obj_zoul/uip-ds6-nbr.o
                0x0000000000206d8c                uip_ds6_nbr_get_ll
 .text.uip_ds6_nbr_lookup
                0x0000000000206d9c       0x38 obj_zoul/uip-ds6-nbr.o
                0x0000000000206d9c                uip_ds6_nbr_lookup
 .text.uip_ds6_nbr_ll_lookup
                0x0000000000206dd4       0x10 obj_zoul/uip-ds6-nbr.o
                0x0000000000206dd4                uip_ds6_nbr_ll_lookup
 .text.uip_ds6_link_neighbor_callback
                0x0000000000206de4       0x34 obj_zoul/uip-ds6-nbr.o
                0x0000000000206de4                uip_ds6_link_neighbor_callback
 .text.call_route_callback
                0x0000000000206e18       0x50 obj_zoul/uip-ds6-route.o
 .text.uip_ds6_route_init
                0x0000000000206e68       0x4c obj_zoul/uip-ds6-route.o
                0x0000000000206e68                uip_ds6_route_init
 .text.uip_ds6_route_nexthop
                0x0000000000206eb4       0x1c obj_zoul/uip-ds6-route.o
                0x0000000000206eb4                uip_ds6_route_nexthop
 .text.uip_ds6_route_head
                0x0000000000206ed0        0xc obj_zoul/uip-ds6-route.o
                0x0000000000206ed0                uip_ds6_route_head
 .text.uip_ds6_route_is_nexthop
                0x0000000000206edc       0x20 obj_zoul/uip-ds6-route.o
                0x0000000000206edc                uip_ds6_route_is_nexthop
 .text.uip_ds6_route_lookup
                0x0000000000206efc       0x64 obj_zoul/uip-ds6-route.o
                0x0000000000206efc                uip_ds6_route_lookup
 .text.uip_ds6_route_rm
                0x0000000000206f60       0xa0 obj_zoul/uip-ds6-route.o
                0x0000000000206f60                uip_ds6_route_rm
 .text.rm_routelist
                0x0000000000207000       0x30 obj_zoul/uip-ds6-route.o
 .text.uip_ds6_route_add
                0x0000000000207030      0x10c obj_zoul/uip-ds6-route.o
                0x0000000000207030                uip_ds6_route_add
 .text.uip_ds6_defrt_rm
                0x000000000020713c       0x44 obj_zoul/uip-ds6-route.o
                0x000000000020713c                uip_ds6_defrt_rm
 .text.uip_ds6_defrt_lookup
                0x0000000000207180       0x2c obj_zoul/uip-ds6-route.o
                0x0000000000207180                uip_ds6_defrt_lookup
 .text.uip_ds6_defrt_add
                0x00000000002071ac       0x64 obj_zoul/uip-ds6-route.o
                0x00000000002071ac                uip_ds6_defrt_add
 .text.uip_ds6_defrt_choose
                0x0000000000207210       0x30 obj_zoul/uip-ds6-route.o
                0x0000000000207210                uip_ds6_defrt_choose
 .text.uip_ds6_defrt_periodic
                0x0000000000207240       0x3c obj_zoul/uip-ds6-route.o
                0x0000000000207240                uip_ds6_defrt_periodic
 .text.echo_reply_input
                0x000000000020727c       0xa0 obj_zoul/uip-icmp6.o
 .text.echo_request_input
                0x000000000020731c       0xd0 obj_zoul/uip-icmp6.o
 .text.uip_icmp6_input
                0x00000000002073ec       0x38 obj_zoul/uip-icmp6.o
                0x00000000002073ec                uip_icmp6_input
 .text.uip_icmp6_register_input_handler
                0x0000000000207424        0xc obj_zoul/uip-icmp6.o
                0x0000000000207424                uip_icmp6_register_input_handler
 .text.uip_icmp6_error_output
                0x0000000000207430      0x148 obj_zoul/uip-icmp6.o
                0x0000000000207430                uip_icmp6_error_output
 .text.uip_icmp6_send
                0x0000000000207578       0x8c obj_zoul/uip-icmp6.o
                0x0000000000207578                uip_icmp6_send
 .text.uip_icmp6_init
                0x0000000000207604       0x1c obj_zoul/uip-icmp6.o
                0x0000000000207604                uip_icmp6_init
 .text.start_periodic_tcp_timer
                0x0000000000207620       0x1c obj_zoul/tcpip.o
 .text.tcpip_output
                0x000000000020763c       0x10 obj_zoul/tcpip.o
                0x000000000020763c                tcpip_output
 .text.tcpip_set_outputfunc
                0x000000000020764c        0xc obj_zoul/tcpip.o
                0x000000000020764c                tcpip_set_outputfunc
 .text.tcpip_icmp6_call
                0x0000000000207658       0x28 obj_zoul/tcpip.o
                0x0000000000207658                tcpip_icmp6_call
 .text.tcpip_input
                0x0000000000207680       0x24 obj_zoul/tcpip.o
                0x0000000000207680                tcpip_input
 .text.tcpip_ipv6_output
                0x00000000002076a4       0xb8 obj_zoul/tcpip.o
                0x00000000002076a4                tcpip_ipv6_output
 .text.process_thread_tcpip_process
                0x000000000020775c      0x1b0 obj_zoul/tcpip.o
 .text.tcpip_uipcall
                0x000000000020790c       0x6c obj_zoul/tcpip.o
                0x000000000020790c                tcpip_uipcall
 .text.uip_debug_ipaddr_print
                0x0000000000207978       0xb0 obj_zoul/uip-debug.o
                0x0000000000207978                uip_debug_ipaddr_print
 .text.rpl_get_mode
                0x0000000000207a28        0xc obj_zoul/rpl.o
                0x0000000000207a28                rpl_get_mode
 .text.rpl_purge_routes
                0x0000000000207a34       0x68 obj_zoul/rpl.o
                0x0000000000207a34                rpl_purge_routes
 .text.rpl_link_neighbor_callback
                0x0000000000207a9c       0x54 obj_zoul/rpl.o
                0x0000000000207a9c                rpl_link_neighbor_callback
 .text.rpl_ipv6_neighbor_callback
                0x0000000000207af0       0x28 obj_zoul/rpl.o
                0x0000000000207af0                rpl_ipv6_neighbor_callback
 .text.rpl_purge_dags
                0x0000000000207b18       0x58 obj_zoul/rpl.o
                0x0000000000207b18                rpl_purge_dags
 .text.rpl_init
                0x0000000000207b70       0x4c obj_zoul/rpl.o
                0x0000000000207b70                rpl_init
 .text.rpl_set_preferred_parent
                0x0000000000207bbc       0x28 obj_zoul/rpl-dag.o
 .text.set_ip_from_prefix
                0x0000000000207be4       0x2c obj_zoul/rpl-dag.o
 .text.find_parent_any_dag_any_instance
                0x0000000000207c10       0x1c obj_zoul/rpl-dag.o
 .text.rpl_dag_init
                0x0000000000207c2c       0x14 obj_zoul/rpl-dag.o
                0x0000000000207c2c                rpl_dag_init
 .text.rpl_get_parent
                0x0000000000207c40       0x10 obj_zoul/rpl-dag.o
                0x0000000000207c40                rpl_get_parent
 .text.rpl_get_parent_lladdr
                0x0000000000207c50       0x10 obj_zoul/rpl-dag.o
                0x0000000000207c50                rpl_get_parent_lladdr
 .text.best_parent
                0x0000000000207c60       0x78 obj_zoul/rpl-dag.o
 .text.rpl_alloc_instance
                0x0000000000207cd8       0x34 obj_zoul/rpl-dag.o
                0x0000000000207cd8                rpl_alloc_instance
 .text.rpl_add_parent
                0x0000000000207d0c       0x30 obj_zoul/rpl-dag.o
                0x0000000000207d0c                rpl_add_parent
 .text.rpl_remove_parent
                0x0000000000207d3c       0x1c obj_zoul/rpl-dag.o
                0x0000000000207d3c                rpl_remove_parent
 .text.remove_parents.constprop.0
                0x0000000000207d58       0x2c obj_zoul/rpl-dag.o
 .text.rpl_get_any_dag
                0x0000000000207d84       0x18 obj_zoul/rpl-dag.o
                0x0000000000207d84                rpl_get_any_dag
 .text.rpl_get_instance
                0x0000000000207d9c       0x1c obj_zoul/rpl-dag.o
                0x0000000000207d9c                rpl_get_instance
 .text.rpl_find_of
                0x0000000000207db8       0x14 obj_zoul/rpl-dag.o
                0x0000000000207db8                rpl_find_of
 .text.rpl_join_instance
                0x0000000000207dcc      0x130 obj_zoul/rpl-dag.o
                0x0000000000207dcc                rpl_join_instance
 .text.rpl_local_repair
                0x0000000000207efc       0x70 obj_zoul/rpl-dag.o
                0x0000000000207efc                rpl_local_repair
 .text.rpl_recalculate_ranks
                0x0000000000207f6c       0x3c obj_zoul/rpl-dag.o
                0x0000000000207f6c                rpl_recalculate_ranks
 .text.update_hbh_header
                0x0000000000207fa8       0xc4 obj_zoul/rpl-ext-header.o
 .text.insert_hbh_header
                0x000000000020806c       0x9c obj_zoul/rpl-ext-header.o
 .text.rpl_verify_hbh_header
                0x0000000000208108       0xe8 obj_zoul/rpl-ext-header.o
                0x0000000000208108                rpl_verify_hbh_header
 .text.rpl_remove_header
                0x00000000002081f0       0x74 obj_zoul/rpl-ext-header.o
                0x00000000002081f0                rpl_remove_header
 .text.rpl_update_header
                0x0000000000208264       0x64 obj_zoul/rpl-ext-header.o
                0x0000000000208264                rpl_update_header
 .text.dao_ack_input
                0x00000000002082c8       0x14 obj_zoul/rpl-icmp6.o
 .text.dio_input
                0x00000000002082dc      0x234 obj_zoul/rpl-icmp6.o
 .text.dao_input
                0x0000000000208510      0x264 obj_zoul/rpl-icmp6.o
 .text.dis_output
                0x0000000000208774       0x54 obj_zoul/rpl-icmp6.o
                0x0000000000208774                dis_output
 .text.dio_output
                0x00000000002087c8      0x210 obj_zoul/rpl-icmp6.o
                0x00000000002087c8                dio_output
 .text.dis_input
                0x00000000002089d8       0x50 obj_zoul/rpl-icmp6.o
 .text.dao_output_target
                0x0000000000208a28      0x100 obj_zoul/rpl-icmp6.o
                0x0000000000208a28                dao_output_target
 .text.dao_output
                0x0000000000208b28       0x94 obj_zoul/rpl-icmp6.o
                0x0000000000208b28                dao_output
 .text.rpl_icmp6_register_handlers
                0x0000000000208bbc       0x30 obj_zoul/rpl-icmp6.o
                0x0000000000208bbc                rpl_icmp6_register_handlers
 .text.update_nbr
                0x0000000000208bec       0xec obj_zoul/rpl-nbr-policy.o
 .text.handle_periodic_timer
                0x0000000000208cd8       0x14 obj_zoul/rpl-nbr-policy.o
 .text.find_removable_dis
                0x0000000000208cec       0x20 obj_zoul/rpl-nbr-policy.o
                0x0000000000208cec                find_removable_dis
 .text.find_removable_dio
                0x0000000000208d0c       0x3c obj_zoul/rpl-nbr-policy.o
                0x0000000000208d0c                find_removable_dio
 .text.find_removable_dao
                0x0000000000208d48       0x38 obj_zoul/rpl-nbr-policy.o
                0x0000000000208d48                find_removable_dao
 .text.rpl_nbr_policy_find_removable
                0x0000000000208d80       0x28 obj_zoul/rpl-nbr-policy.o
                0x0000000000208d80                rpl_nbr_policy_find_removable
 .text.new_dio_interval
                0x0000000000208da8       0x5c obj_zoul/rpl-timers.o
 .text.handle_periodic_timer
                0x0000000000208e04       0x4c obj_zoul/rpl-timers.o
 .text.handle_dio_timer
                0x0000000000208e50       0x80 obj_zoul/rpl-timers.o
 .text.set_dao_lifetime_timer
                0x0000000000208ed0       0x4c obj_zoul/rpl-timers.o
 .text.handle_dao_timer
                0x0000000000208f1c       0x58 obj_zoul/rpl-timers.o
 .text.schedule_dao
                0x0000000000208f74       0x50 obj_zoul/rpl-timers.o
 .text.rpl_reset_periodic_timer
                0x0000000000208fc4       0x34 obj_zoul/rpl-timers.o
                0x0000000000208fc4                rpl_reset_periodic_timer
 .text.rpl_schedule_unicast_dio_immediately
                0x0000000000208ff8       0x14 obj_zoul/rpl-timers.o
                0x0000000000208ff8                rpl_schedule_unicast_dio_immediately
 .text.get_probing_target
                0x000000000020900c       0xb8 obj_zoul/rpl-timers.o
                0x000000000020900c                get_probing_target
 .text.rpl_schedule_probing
                0x00000000002090c4       0x20 obj_zoul/rpl-timers.o
                0x00000000002090c4                rpl_schedule_probing
 .text.periodic
                0x00000000002090e4       0x30 obj_zoul/link-stats.o
 .text.link_stats_from_lladdr
                0x0000000000209114        0xc obj_zoul/link-stats.o
                0x0000000000209114                link_stats_from_lladdr
 .text.link_stats_packet_sent
                0x0000000000209120       0x78 obj_zoul/link-stats.o
                0x0000000000209120                link_stats_packet_sent
 .text.link_stats_input_callback
                0x0000000000209198       0x4c obj_zoul/link-stats.o
                0x0000000000209198                link_stats_input_callback
 .text.link_stats_init
                0x00000000002091e4       0x28 obj_zoul/link-stats.o
                0x00000000002091e4                link_stats_init
 .text.key_from_index
                0x000000000020920c       0x18 obj_zoul/nbr-table.o
 .text.index_from_key
                0x0000000000209224       0x20 obj_zoul/nbr-table.o
 .text.index_from_lladdr
                0x0000000000209244       0x40 obj_zoul/nbr-table.o
 .text.nbr_get_bit.constprop.0
                0x0000000000209284       0x24 obj_zoul/nbr-table.o
 .text.remove_key
                0x00000000002092a8       0x64 obj_zoul/nbr-table.o
 .text.nbr_table_register
                0x000000000020930c       0x28 obj_zoul/nbr-table.o
                0x000000000020930c                nbr_table_register
 .text.nbr_table_head
                0x0000000000209334       0x38 obj_zoul/nbr-table.o
                0x0000000000209334                nbr_table_head
 .text.nbr_table_add_lladdr
                0x000000000020936c       0xf8 obj_zoul/nbr-table.o
                0x000000000020936c                nbr_table_add_lladdr
 .text.nbr_table_remove
                0x0000000000209464       0x2c obj_zoul/nbr-table.o
                0x0000000000209464                nbr_table_remove
 .text.nbr_table_lock
                0x0000000000209490       0x10 obj_zoul/nbr-table.o
                0x0000000000209490                nbr_table_lock
 .text.nbr_table_unlock
                0x00000000002094a0       0x10 obj_zoul/nbr-table.o
                0x00000000002094a0                nbr_table_unlock
 .text.netstack_init
                0x00000000002094b0       0x38 obj_zoul/netstack.o
                0x00000000002094b0                netstack_init
 .text.packetbuf_hdrreduce
                0x00000000002094e8       0x28 obj_zoul/packetbuf.o
                0x00000000002094e8                packetbuf_hdrreduce
 .text.packetbuf_set_datalen
                0x0000000000209510        0xc obj_zoul/packetbuf.o
                0x0000000000209510                packetbuf_set_datalen
 .text.packetbuf_hdrptr
                0x000000000020951c        0x8 obj_zoul/packetbuf.o
                0x000000000020951c                packetbuf_hdrptr
 .text.packetbuf_datalen
                0x0000000000209524        0xc obj_zoul/packetbuf.o
                0x0000000000209524                packetbuf_datalen
 .text.packetbuf_hdrlen
                0x0000000000209530       0x18 obj_zoul/packetbuf.o
                0x0000000000209530                packetbuf_hdrlen
 .text.packetbuf_dataptr
                0x0000000000209548       0x10 obj_zoul/packetbuf.o
                0x0000000000209548                packetbuf_dataptr
 .text.packetbuf_copyto
                0x0000000000209558       0x40 obj_zoul/packetbuf.o
                0x0000000000209558                packetbuf_copyto
 .text.packetbuf_totlen
                0x0000000000209598       0x14 obj_zoul/packetbuf.o
                0x0000000000209598                packetbuf_totlen
 .text.packetbuf_hdralloc
                0x00000000002095ac       0x40 obj_zoul/packetbuf.o
                0x00000000002095ac                packetbuf_hdralloc
 .text.packetbuf_attr_clear
                0x00000000002095ec       0x34 obj_zoul/packetbuf.o
                0x00000000002095ec                packetbuf_attr_clear
 .text.packetbuf_clear
                0x0000000000209620       0x20 obj_zoul/packetbuf.o
                0x0000000000209620                packetbuf_clear
 .text.packetbuf_copyfrom
                0x0000000000209640       0x2c obj_zoul/packetbuf.o
                0x0000000000209640                packetbuf_copyfrom
 .text.packetbuf_attr_copyto
                0x000000000020966c       0x34 obj_zoul/packetbuf.o
                0x000000000020966c                packetbuf_attr_copyto
 .text.packetbuf_attr_copyfrom
                0x00000000002096a0       0x34 obj_zoul/packetbuf.o
                0x00000000002096a0                packetbuf_attr_copyfrom
 .text.packetbuf_set_attr
                0x00000000002096d4       0x10 obj_zoul/packetbuf.o
                0x00000000002096d4                packetbuf_set_attr
 .text.packetbuf_attr
                0x00000000002096e4        0xc obj_zoul/packetbuf.o
                0x00000000002096e4                packetbuf_attr
 .text.packetbuf_set_addr
                0x00000000002096f0       0x18 obj_zoul/packetbuf.o
                0x00000000002096f0                packetbuf_set_addr
 .text.packetbuf_addr
                0x0000000000209708       0x10 obj_zoul/packetbuf.o
                0x0000000000209708                packetbuf_addr
 .text.packetbuf_holds_broadcast
                0x0000000000209718       0x10 obj_zoul/packetbuf.o
                0x0000000000209718                packetbuf_holds_broadcast
 .text.queuebuf_init
                0x0000000000209728       0x1c obj_zoul/queuebuf.o
                0x0000000000209728                queuebuf_init
 .text.queuebuf_numfree
                0x0000000000209744        0xc obj_zoul/queuebuf.o
                0x0000000000209744                queuebuf_numfree
 .text.queuebuf_new_from_packetbuf
                0x0000000000209750       0x44 obj_zoul/queuebuf.o
                0x0000000000209750                queuebuf_new_from_packetbuf
 .text.queuebuf_free
                0x0000000000209794       0x2c obj_zoul/queuebuf.o
                0x0000000000209794                queuebuf_free
 .text.queuebuf_to_packetbuf
                0x00000000002097c0       0x30 obj_zoul/queuebuf.o
                0x00000000002097c0                queuebuf_to_packetbuf
 .text.input_packet
                0x00000000002097f0        0xc obj_zoul/csma.o
 .text.on       0x00000000002097fc        0xc obj_zoul/csma.o
 .text.off      0x0000000000209808        0xc obj_zoul/csma.o
 .text.channel_check_interval
                0x0000000000209814       0x10 obj_zoul/csma.o
 .text.schedule_transmission
                0x0000000000209824       0x4c obj_zoul/csma.o
 .text.send_packet
                0x0000000000209870      0x13c obj_zoul/csma.o
 .text.init     0x00000000002099ac       0x24 obj_zoul/csma.o
 .text.transmit_packet_list
                0x00000000002099d0       0x30 obj_zoul/csma.o
 .text.tx_done  0x0000000000209a00       0x7c obj_zoul/csma.o
 .text.packet_sent
                0x0000000000209a7c       0xdc obj_zoul/csma.o
 .text.frame802154_get_pan_id
                0x0000000000209b58        0xc obj_zoul/frame802154.o
                0x0000000000209b58                frame802154_get_pan_id
 .text.frame802154_parse
                0x0000000000209b64      0x174 obj_zoul/frame802154.o
                0x0000000000209b64                frame802154_parse
 .text.create_frame.constprop.0
                0x0000000000209cd8      0x130 obj_zoul/framer-802154.o
 .text.mac_sequence_is_duplicate
                0x0000000000209e08       0x50 obj_zoul/mac-sequence.o
                0x0000000000209e08                mac_sequence_is_duplicate
 .text.mac_sequence_register_seqno
                0x0000000000209e58       0x68 obj_zoul/mac-sequence.o
                0x0000000000209e58                mac_sequence_register_seqno
 .text.init     0x0000000000209ec0       0x40 obj_zoul/contikimac.o
 .text.on       0x0000000000209f00       0x2c obj_zoul/contikimac.o
 .text.off      0x0000000000209f2c       0x38 obj_zoul/contikimac.o
 .text.recv_burst_off
                0x0000000000209f64       0x14 obj_zoul/contikimac.o
 .text.powercycle_turn_radio_off
                0x0000000000209f78       0x1c obj_zoul/contikimac.o
 .text.turn_off
                0x0000000000209f94       0x38 obj_zoul/contikimac.o
 .text.turn_on  0x0000000000209fcc       0x40 obj_zoul/contikimac.o
 .text.schedule_powercycle_fixed
                0x000000000020a00c       0x38 obj_zoul/contikimac.o
 .text.input_packet
                0x000000000020a044       0xa4 obj_zoul/contikimac.o
 .text.send_packet.part.0
                0x000000000020a0e8      0x1e4 obj_zoul/contikimac.o
 .text.qsend_packet
                0x000000000020a2cc       0x40 obj_zoul/contikimac.o
 .text.powercycle_wrapper
                0x000000000020a30c      0x1f8 obj_zoul/contikimac.o
 .text.qsend_list
                0x000000000020a504       0xfc obj_zoul/contikimac.o
 .text.input    0x000000000020a600        0xc obj_zoul/nullsec.o
 .text.send     0x000000000020a60c       0x20 obj_zoul/nullsec.o
 .text.process_thread_hello_world_process
                0x000000000020a62c       0x60 01-hello-world.co
 .text          0x000000000020a68c       0x30 /usr/local/gcc-arm-none-eabi-10.3-2021.10/bin/../lib/gcc/arm-none-eabi/10.3.1/thumb/v7-m/nofp/libgcc.a(_aeabi_uldivmod.o)
                0x000000000020a68c                __aeabi_uldivmod
 .text          0x000000000020a6bc      0x2d4 /usr/local/gcc-arm-none-eabi-10.3-2021.10/bin/../lib/gcc/arm-none-eabi/10.3.1/thumb/v7-m/nofp/libgcc.a(_udivmoddi4.o)
                0x000000000020a6bc                __udivmoddi4
 .text          0x000000000020a990        0x4 /usr/local/gcc-arm-none-eabi-10.3-2021.10/bin/../lib/gcc/arm-none-eabi/10.3.1/thumb/v7-m/nofp/libgcc.a(_dvmd_tls.o)
                0x000000000020a990                __aeabi_ldiv0
                0x000000000020a990                __aeabi_idiv0
 .text.memcmp   0x000000000020a994       0x68 /usr/local/gcc-arm-none-eabi-10.3-2021.10/bin/../lib/gcc/arm-none-eabi/10.3.1/../../../../arm-none-eabi/lib/thumb/v7-m/nofp/libc.a(lib_a-memcmp.o)
                0x000000000020a994                memcmp
 .text          0x000000000020a9fc       0xec /usr/local/gcc-arm-none-eabi-10.3-2021.10/bin/../lib/gcc/arm-none-eabi/10.3.1/../../../../arm-none-eabi/lib/thumb/v7-m/nofp/libc.a(lib_a-memcpy.o)
                0x000000000020a9fc                memcpy
 .text.memmove  0x000000000020aae8       0xf8 /usr/local/gcc-arm-none-eabi-10.3-2021.10/bin/../lib/gcc/arm-none-eabi/10.3.1/../../../../arm-none-eabi/lib/thumb/v7-m/nofp/libc.a(lib_a-memmove.o)
                0x000000000020aae8                memmove
 .text.memset   0x000000000020abe0       0xa4 /usr/local/gcc-arm-none-eabi-10.3-2021.10/bin/../lib/gcc/arm-none-eabi/10.3.1/../../../../arm-none-eabi/lib/thumb/v7-m/nofp/libc.a(lib_a-memset.o)
                0x000000000020abe0                memset
 .text.default_handler
                0x000000000020ac84        0x2 obj_zoul/startup-gcc.o
                0x000000000020ac84                default_handler
 .text.nmi_handler
                0x000000000020ac86        0x6 obj_zoul/startup-gcc.o
                0x000000000020ac86                nmi_handler
 .text.fade     0x000000000020ac8c       0x58 obj_zoul/contiki-main.o
 .text.board_init
                0x000000000020ace4        0x4 obj_zoul/board.o
                0x000000000020ace4                board_init
 .text.clock_adjust
                0x000000000020ace8       0x1c obj_zoul/clock.o
                0x000000000020ace8                clock_adjust
 .text.clock_isr
                0x000000000020ad04        0x4 obj_zoul/clock.o
                0x000000000020ad04                clock_isr
 .text.rtimer_arch_init
                0x000000000020ad08        0x2 obj_zoul/rtimer-arch.o
                0x000000000020ad08                rtimer_arch_init
 .text.uart0_isr
                0x000000000020ad0a        0x6 obj_zoul/uart.o
                0x000000000020ad0a                uart0_isr
 .text.uart1_isr
                0x000000000020ad10        0x6 obj_zoul/uart.o
                0x000000000020ad10                uart1_isr
 .text.cpu_cpsie
                0x000000000020ad16        0x8 obj_zoul/cpu.o
                0x000000000020ad16                cpu_cpsie
 .text.cpu_cpsid
                0x000000000020ad1e        0x8 obj_zoul/cpu.o
                0x000000000020ad1e                cpu_cpsid
 .text.gpio_port_a_isr
                0x000000000020ad26        0x6 obj_zoul/gpio.o
                0x000000000020ad26                gpio_port_a_isr
 .text.gpio_port_b_isr
                0x000000000020ad2c        0x6 obj_zoul/gpio.o
                0x000000000020ad2c                gpio_port_b_isr
 .text.gpio_port_c_isr
                0x000000000020ad32        0x6 obj_zoul/gpio.o
                0x000000000020ad32                gpio_port_c_isr
 .text.gpio_port_d_isr
                0x000000000020ad38        0x6 obj_zoul/gpio.o
                0x000000000020ad38                gpio_port_d_isr
 .text.send     0x000000000020ad3e       0x12 obj_zoul/cc2538-rf.o
 .text.putchar  0x000000000020ad50       0x10 obj_zoul/dbg.o
                0x000000000020ad50                putchar
 .text.dbg_send_bytes
                0x000000000020ad60       0x22 obj_zoul/dbg.o
                0x000000000020ad60                dbg_send_bytes
 .text.puts     0x000000000020ad82       0x1c obj_zoul/dbg.o
                0x000000000020ad82                puts
 .text.configure
                0x000000000020ad9e        0x4 obj_zoul/cc2538-temp-sensor.o
 .text.status   0x000000000020ada2        0x4 obj_zoul/cc2538-temp-sensor.o
 .text.value    0x000000000020ada6       0x34 obj_zoul/cc2538-temp-sensor.o
 .text.configure
                0x000000000020adda        0x4 obj_zoul/vdd3-sensor.o
 .text.status   0x000000000020adde        0x4 obj_zoul/vdd3-sensor.o
 .text.value    0x000000000020ade2       0x2a obj_zoul/vdd3-sensor.o
 .text.write_str
                0x000000000020ae0c       0x10 obj_zoul/dbg-printf.o
 .text.autostart_start
                0x000000000020ae1c       0x14 obj_zoul/autostart.o
                0x000000000020ae1c                autostart_start
 .text.energest_init
                0x000000000020ae30        0x2 obj_zoul/energest.o
                0x000000000020ae30                energest_init
 .text.etimer_set
                0x000000000020ae32       0x12 obj_zoul/etimer.o
                0x000000000020ae32                etimer_set
 .text.etimer_reset
                0x000000000020ae44       0x12 obj_zoul/etimer.o
                0x000000000020ae44                etimer_reset
 .text.etimer_restart
                0x000000000020ae56       0x12 obj_zoul/etimer.o
                0x000000000020ae56                etimer_restart
 .text.etimer_expired
                0x000000000020ae68        0xa obj_zoul/etimer.o
                0x000000000020ae68                etimer_expired
 .text.etimer_expiration_time
                0x000000000020ae72        0x8 obj_zoul/etimer.o
                0x000000000020ae72                etimer_expiration_time
 .text.call_process
                0x000000000020ae7a        0xc obj_zoul/process.o
 .text.rtimer_init
                0x000000000020ae86        0x4 obj_zoul/rtimer.o
                0x000000000020ae86                rtimer_init
 .text.stimer_set
                0x000000000020ae8a        0xe obj_zoul/stimer.o
                0x000000000020ae8a                stimer_set
 .text.stimer_expired
                0x000000000020ae98       0x1e obj_zoul/stimer.o
                0x000000000020ae98                stimer_expired
 .text.timer_set
                0x000000000020aeb6        0xe obj_zoul/timer.o
                0x000000000020aeb6                timer_set
 .text.timer_reset
                0x000000000020aec4        0xa obj_zoul/timer.o
                0x000000000020aec4                timer_reset
 .text.timer_restart
                0x000000000020aece        0xc obj_zoul/timer.o
                0x000000000020aece                timer_restart
 .text.timer_expired
                0x000000000020aeda       0x1c obj_zoul/timer.o
                0x000000000020aeda                timer_expired
 .text.list_init
                0x000000000020aef6        0x6 obj_zoul/list.o
                0x000000000020aef6                list_init
 .text.list_head
                0x000000000020aefc        0x4 obj_zoul/list.o
                0x000000000020aefc                list_head
 .text.list_tail
                0x000000000020af00       0x10 obj_zoul/list.o
                0x000000000020af00                list_tail
 .text.list_remove
                0x000000000020af10       0x26 obj_zoul/list.o
                0x000000000020af10                list_remove
 .text.list_add
                0x000000000020af36       0x1a obj_zoul/list.o
                0x000000000020af36                list_add
 .text.list_push
                0x000000000020af50        0xe obj_zoul/list.o
                0x000000000020af50                list_push
 .text.list_length
                0x000000000020af5e        0xe obj_zoul/list.o
                0x000000000020af5e                list_length
 .text.list_item_next
                0x000000000020af6c        0x6 obj_zoul/list.o
                0x000000000020af6c                list_item_next
 .text.memb_init
                0x000000000020af72       0x20 obj_zoul/memb.o
                0x000000000020af72                memb_init
 .text.memb_alloc
                0x000000000020af92       0x28 obj_zoul/memb.o
                0x000000000020af92                memb_alloc
 .text.memb_free
                0x000000000020afba       0x2c obj_zoul/memb.o
                0x000000000020afba                memb_free
 .text.memb_inmemb
                0x000000000020afe6       0x1c obj_zoul/memb.o
                0x000000000020afe6                memb_inmemb
 .text.memb_numfree
                0x000000000020b002       0x1c obj_zoul/memb.o
                0x000000000020b002                memb_numfree
 .text.ringbuf_init
                0x000000000020b01e        0xe obj_zoul/ringbuf.o
                0x000000000020b01e                ringbuf_init
 .text.ringbuf_put
                0x000000000020b02c       0x26 obj_zoul/ringbuf.o
                0x000000000020b02c                ringbuf_put
 .text.ringbuf_get
                0x000000000020b052       0x20 obj_zoul/ringbuf.o
                0x000000000020b052                ringbuf_get
 .text.chksum   0x000000000020b072       0x52 obj_zoul/uip6.o
 .text.uip_icmp6chksum
                0x000000000020b0c4        0x6 obj_zoul/uip6.o
                0x000000000020b0c4                uip_icmp6chksum
 .text.uip_tcpchksum
                0x000000000020b0ca        0x6 obj_zoul/uip6.o
                0x000000000020b0ca                uip_tcpchksum
 .text.uip_udpchksum
                0x000000000020b0d0        0x6 obj_zoul/uip6.o
                0x000000000020b0d0                uip_udpchksum
 .text.uip_htonl
                0x000000000020b0d6        0x4 obj_zoul/uip6.o
                0x000000000020b0d6                uip_htonl
 .text.uip_ds6_list_loop
                0x000000000020b0da       0x48 obj_zoul/uip-ds6.o
                0x000000000020b0da                uip_ds6_list_loop
 .text.uip_ds6_maddr_rm
                0x000000000020b122        0x8 obj_zoul/uip-ds6.o
                0x000000000020b122                uip_ds6_maddr_rm
 .text.uip_ds6_set_addr_iid
                0x000000000020b12a       0x12 obj_zoul/uip-ds6.o
                0x000000000020b12a                uip_ds6_set_addr_iid
 .text.get_match_length
                0x000000000020b13c       0x36 obj_zoul/uip-ds6.o
                0x000000000020b13c                get_match_length
 .text.uip_ds6_nbr_ipaddr_from_lladdr
                0x000000000020b172        0x4 obj_zoul/uip-ds6-nbr.o
                0x000000000020b172                uip_ds6_nbr_ipaddr_from_lladdr
 .text.uip_ds6_nbr_lladdr_from_ipaddr
                0x000000000020b176       0x12 obj_zoul/uip-ds6-nbr.o
                0x000000000020b176                uip_ds6_nbr_lladdr_from_ipaddr
 .text.uip_ds6_route_next
                0x000000000020b188        0x8 obj_zoul/uip-ds6-route.o
                0x000000000020b188                uip_ds6_route_next
 .text.rm_routelist_callback
                0x000000000020b190        0x4 obj_zoul/uip-ds6-route.o
 .text.uip_nd6_init
                0x000000000020b194        0x2 obj_zoul/uip-nd6.o
                0x000000000020b194                uip_nd6_init
 .text.rpl_remove_routes
                0x000000000020b196       0x1e obj_zoul/rpl.o
                0x000000000020b196                rpl_remove_routes
 .text.rpl_remove_routes_by_nexthop
                0x000000000020b1b4       0x30 obj_zoul/rpl.o
                0x000000000020b1b4                rpl_remove_routes_by_nexthop
 .text.rpl_add_route
                0x000000000020b1e4       0x30 obj_zoul/rpl.o
                0x000000000020b1e4                rpl_add_route
 .text.check_prefix
                0x000000000020b214       0x58 obj_zoul/rpl-dag.o
 .text.lollipop_greater_than
                0x000000000020b26c       0x34 obj_zoul/rpl-dag.o
 .text.rpl_rank_via_parent
                0x000000000020b2a0       0x1a obj_zoul/rpl-dag.o
                0x000000000020b2a0                rpl_rank_via_parent
 .text.rpl_get_parent_ipaddr
                0x000000000020b2ba        0xe obj_zoul/rpl-dag.o
                0x000000000020b2ba                rpl_get_parent_ipaddr
 .text.rpl_get_parent_link_stats
                0x000000000020b2c8        0xe obj_zoul/rpl-dag.o
                0x000000000020b2c8                rpl_get_parent_link_stats
 .text.rpl_parent_is_fresh
                0x000000000020b2d6        0xe obj_zoul/rpl-dag.o
                0x000000000020b2d6                rpl_parent_is_fresh
 .text.rpl_parent_is_reachable
                0x000000000020b2e4       0x36 obj_zoul/rpl-dag.o
                0x000000000020b2e4                rpl_parent_is_reachable
 .text.rpl_set_prefix
                0x000000000020b31a       0x6a obj_zoul/rpl-dag.o
                0x000000000020b31a                rpl_set_prefix
 .text.rpl_set_default_route
                0x000000000020b384       0x30 obj_zoul/rpl-dag.o
                0x000000000020b384                rpl_set_default_route
 .text.rpl_find_parent
                0x000000000020b3b4       0x16 obj_zoul/rpl-dag.o
                0x000000000020b3b4                rpl_find_parent
 .text.rpl_find_parent_any_dag
                0x000000000020b3ca       0x1e obj_zoul/rpl-dag.o
                0x000000000020b3ca                rpl_find_parent_any_dag
 .text.rpl_select_parent
                0x000000000020b3e8       0x4a obj_zoul/rpl-dag.o
                0x000000000020b3e8                rpl_select_parent
 .text.rpl_select_dag
                0x000000000020b432      0x152 obj_zoul/rpl-dag.o
                0x000000000020b432                rpl_select_dag
 .text.rpl_nullify_parent
                0x000000000020b584       0x54 obj_zoul/rpl-dag.o
                0x000000000020b584                rpl_nullify_parent
 .text.nbr_callback
                0x000000000020b5d8        0x4 obj_zoul/rpl-dag.o
 .text.rpl_free_dag
                0x000000000020b5dc       0x3a obj_zoul/rpl-dag.o
                0x000000000020b5dc                rpl_free_dag
 .text.rpl_move_parent
                0x000000000020b616       0x58 obj_zoul/rpl-dag.o
                0x000000000020b616                rpl_move_parent
 .text.rpl_repair_root
                0x000000000020b66e       0x48 obj_zoul/rpl-dag.o
                0x000000000020b66e                rpl_repair_root
 .text.rpl_alloc_dag
                0x000000000020b6b6       0x50 obj_zoul/rpl-dag.o
                0x000000000020b6b6                rpl_alloc_dag
 .text.rpl_process_parent_event
                0x000000000020b706       0x90 obj_zoul/rpl-dag.o
                0x000000000020b706                rpl_process_parent_event
 .text.rpl_add_dag
                0x000000000020b796      0x110 obj_zoul/rpl-dag.o
                0x000000000020b796                rpl_add_dag
 .text.rpl_process_dio
                0x000000000020b8a6      0x2de obj_zoul/rpl-dag.o
                0x000000000020b8a6                rpl_process_dio
 .text.get32    0x000000000020bb84       0x18 obj_zoul/rpl-icmp6.o
 .text.set32    0x000000000020bb9c       0x12 obj_zoul/rpl-icmp6.o
 .text.get16    0x000000000020bbae        0xc obj_zoul/rpl-icmp6.o
 .text.set16    0x000000000020bbba        0xa obj_zoul/rpl-icmp6.o
 .text.rpl_icmp6_update_nbr_table
                0x000000000020bbc4       0x2e obj_zoul/rpl-icmp6.o
                0x000000000020bbc4                rpl_icmp6_update_nbr_table
 .text.reset    0x000000000020bbf2        0x2 obj_zoul/rpl-mrhof.o
 .text.update_metric_container
                0x000000000020bbf4        0x6 obj_zoul/rpl-mrhof.o
 .text.parent_link_metric
                0x000000000020bbfa       0x12 obj_zoul/rpl-mrhof.o
 .text.parent_has_usable_link
                0x000000000020bc0c       0x12 obj_zoul/rpl-mrhof.o
 .text.best_dag
                0x000000000020bc1e       0x2e obj_zoul/rpl-mrhof.o
 .text.parent_path_cost
                0x000000000020bc4c       0x34 obj_zoul/rpl-mrhof.o
 .text.rank_via_parent
                0x000000000020bc80       0x34 obj_zoul/rpl-mrhof.o
 .text.parent_is_acceptable
                0x000000000020bcb4       0x26 obj_zoul/rpl-mrhof.o
 .text.best_parent
                0x000000000020bcda       0x64 obj_zoul/rpl-mrhof.o
 .text.handle_unicast_dio_timer
                0x000000000020bd3e       0x1c obj_zoul/rpl-timers.o
 .text.rpl_reset_dio_timer
                0x000000000020bd5a       0x1c obj_zoul/rpl-timers.o
                0x000000000020bd5a                rpl_reset_dio_timer
 .text.rpl_schedule_dao
                0x000000000020bd76        0x8 obj_zoul/rpl-timers.o
                0x000000000020bd76                rpl_schedule_dao
 .text.get_probing_delay
                0x000000000020bd7e       0x38 obj_zoul/rpl-timers.o
                0x000000000020bd7e                get_probing_delay
 .text.handle_probing_timer
                0x000000000020bdb6       0x32 obj_zoul/rpl-timers.o
 .text.linkaddr_copy
                0x000000000020bde8        0xa obj_zoul/linkaddr.o
                0x000000000020bde8                linkaddr_copy
 .text.linkaddr_cmp
                0x000000000020bdf2       0x10 obj_zoul/linkaddr.o
                0x000000000020bdf2                linkaddr_cmp
 .text.link_stats_is_fresh
                0x000000000020be02       0x24 obj_zoul/link-stats.o
                0x000000000020be02                link_stats_is_fresh
 .text.item_from_index
                0x000000000020be26       0x14 obj_zoul/nbr-table.o
 .text.index_from_item
                0x000000000020be3a       0x16 obj_zoul/nbr-table.o
 .text.nbr_set_bit
                0x000000000020be50       0x3a obj_zoul/nbr-table.o
 .text.nbr_table_next
                0x000000000020be8a       0x36 obj_zoul/nbr-table.o
                0x000000000020be8a                nbr_table_next
 .text.nbr_table_get_from_lladdr
                0x000000000020bec0       0x26 obj_zoul/nbr-table.o
                0x000000000020bec0                nbr_table_get_from_lladdr
 .text.nbr_table_get_lladdr
                0x000000000020bee6       0x10 obj_zoul/nbr-table.o
                0x000000000020bee6                nbr_table_get_lladdr
 .text.queuebuf_update_attr_from_packetbuf
                0x000000000020bef6        0xc obj_zoul/queuebuf.o
                0x000000000020bef6                queuebuf_update_attr_from_packetbuf
 .text.queuebuf_update_from_packetbuf
                0x000000000020bf02       0x1c obj_zoul/queuebuf.o
                0x000000000020bf02                queuebuf_update_from_packetbuf
 .text.queuebuf_attr
                0x000000000020bf1e        0xc obj_zoul/queuebuf.o
                0x000000000020bf1e                queuebuf_attr
 .text.frame802154_has_panid
                0x000000000020bf2a       0x62 obj_zoul/frame802154.o
                0x000000000020bf2a                frame802154_has_panid
 .text.field_len
                0x000000000020bf8c       0x80 obj_zoul/frame802154.o
 .text.frame802154_is_broadcast_addr
                0x000000000020c00c       0x1e obj_zoul/frame802154.o
                0x000000000020c00c                frame802154_is_broadcast_addr
 .text.frame802154_hdrlen
                0x000000000020c02a       0x32 obj_zoul/frame802154.o
                0x000000000020c02a                frame802154_hdrlen
 .text.frame802154_create
                0x000000000020c05c       0xde obj_zoul/frame802154.o
                0x000000000020c05c                frame802154_create
 .text.parse    0x000000000020c13a       0x94 obj_zoul/framer-802154.o
 .text.hdr_length
                0x000000000020c1ce        0x6 obj_zoul/framer-802154.o
 .text.create   0x000000000020c1d4        0x6 obj_zoul/framer-802154.o
 .text.mac_call_sent_callback
                0x000000000020c1da       0x16 obj_zoul/mac.o
                0x000000000020c1da                mac_call_sent_callback
 .text.duty_cycle
                0x000000000020c1f0        0x4 obj_zoul/contikimac.o
 .text.init     0x000000000020c1f4        0x2 obj_zoul/nullsec.o
 *(SORT_BY_ALIGNMENT(.rodata*))
 *fill*         0x000000000020c1f6        0x2 00000000
 .rodata.button_sensor
                0x000000000020c1f8       0x10 obj_zoul/button-sensor.o
                0x000000000020c1f8                button_sensor
 .rodata.uart_regs
                0x000000000020c208       0x58 obj_zoul/uart.o
 .rodata.reset_cause.0
                0x000000000020c260       0x10 obj_zoul/sys-ctrl.o
 .rodata.cc2538_rf_driver
                0x000000000020c270       0x38 obj_zoul/cc2538-rf.o
                0x000000000020c270                cc2538_rf_driver
 .rodata.output_power
                0x000000000020c2a8       0x70 obj_zoul/cc2538-rf.o
 .rodata.cc2538_temp_sensor
                0x000000000020c318       0x10 obj_zoul/cc2538-temp-sensor.o
                0x000000000020c318                cc2538_temp_sensor
 .rodata.vdd3_sensor
                0x000000000020c328       0x10 obj_zoul/vdd3-sensor.o
                0x000000000020c328                vdd3_sensor
 .rodata.sicslowpan_driver
                0x000000000020c338        0xc obj_zoul/sicslowpan.o
                0x000000000020c338                sicslowpan_driver
 .rodata.csma_driver
                0x000000000020c344       0x1c obj_zoul/csma.o
                0x000000000020c344                csma_driver
 .rodata.framer_802154
                0x000000000020c360        0xc obj_zoul/framer-802154.o
                0x000000000020c360                framer_802154
 .rodata.contikimac_driver
                0x000000000020c36c       0x20 obj_zoul/contikimac.o
                0x000000000020c36c                contikimac_driver
 .rodata.nullsec_driver
                0x000000000020c38c       0x10 obj_zoul/nullsec.o
                0x000000000020c38c                nullsec_driver
 .rodata.autostart_processes
                0x000000000020c39c        0x8 01-hello-world.co
                0x000000000020c39c                autostart_processes
 .rodata.main.str1.1
                0x000000000020c3a4       0x74 obj_zoul/contiki-main.o
 .rodata.str1.1
                0x000000000020c418        0x7 obj_zoul/button-sensor.o
 .rodata.soc_print_info.str1.1
                0x000000000020c41f       0x94 obj_zoul/soc.o
 .rodata.str1.1
                0x000000000020c4b3       0x2d obj_zoul/sys-ctrl.o
 .rodata.str1.1
                0x000000000020c4e0       0x11 obj_zoul/cc2538-rf.o
 .rodata.str1.1
                0x000000000020c4f1       0x14 obj_zoul/cc2538-temp-sensor.o
 .rodata.str1.1
                0x000000000020c505        0x5 obj_zoul/vdd3-sensor.o
 .rodata.format_str_v.str1.1
                0x000000000020c50a       0x35 obj_zoul/strformat.o
                                         0x37 (size before relaxing)
 .rodata.buffer.0
                0x000000000020c53f       0x10 obj_zoul/strformat.o
 .rodata.buffer.1
                0x000000000020c54f       0x10 obj_zoul/strformat.o
 .rodata.str1.1
                0x000000000020c55f        0xf obj_zoul/ctimer.o
 .rodata.str1.1
                0x000000000020c56e        0xc obj_zoul/etimer.o
 .rodata.str1.1
                0x000000000020c57a        0xe obj_zoul/serial-line.o
 .rodata.str1.1
                0x000000000020c588        0x8 obj_zoul/sensors.o
 .rodata.str1.1
                0x000000000020c590        0xb obj_zoul/sicslowpan.o
 .rodata.llprefix
                0x000000000020c59b        0x2 obj_zoul/sicslowpan.o
                0x000000000020c59b                llprefix
 .rodata.ttl_values
                0x000000000020c59d        0x4 obj_zoul/sicslowpan.o
 .rodata.unc_ctxconf
                0x000000000020c5a1        0x4 obj_zoul/sicslowpan.o
                0x000000000020c5a1                unc_ctxconf
 .rodata.unc_llconf
                0x000000000020c5a5        0x4 obj_zoul/sicslowpan.o
                0x000000000020c5a5                unc_llconf
 .rodata.unc_mxconf
                0x000000000020c5a9        0x4 obj_zoul/sicslowpan.o
                0x000000000020c5a9                unc_mxconf
 .rodata.str1.1
                0x000000000020c5ad        0xd obj_zoul/tcpip.o
 .rodata.uip_debug_ipaddr_print.str1.1
                0x000000000020c5ba       0x28 obj_zoul/uip-debug.o
 .rodata.linkaddr_null
                0x000000000020c5e2        0x8 obj_zoul/linkaddr.o
                0x000000000020c5e2                linkaddr_null
 .rodata.str1.1
                0x000000000020c5ea        0x5 obj_zoul/csma.o
 .rodata.str1.1
                0x000000000020c5ef        0xb obj_zoul/contikimac.o
 .rodata.str1.1
                0x000000000020c5fa        0x8 obj_zoul/nullsec.o
 .rodata.process_thread_hello_world_process.str1.1
                0x000000000020c602       0x50 01-hello-world.co
 .rodata.str1.1
                0x000000000020c652       0x14 01-hello-world.co
                0x000000000020c666                _etext = .

.glue_7         0x000000000020c668        0x0
 .glue_7        0x000000000020c668        0x0 linker stubs

.glue_7t        0x000000000020c668        0x0
 .glue_7t       0x000000000020c668        0x0 linker stubs

.vfp11_veneer   0x000000000020c668        0x0
 .vfp11_veneer  0x000000000020c668        0x0 linker stubs

.v4_bx          0x000000000020c668        0x0
 .v4_bx         0x000000000020c668        0x0 linker stubs

.iplt           0x000000000020c668        0x0
 .iplt          0x000000000020c668        0x0 obj_zoul/startup-gcc.o

.socdata        0x0000000020004000       0x40
 *(SORT_BY_ALIGNMENT(.udma_channel_control_table))
 .udma_channel_control_table
                0x0000000020004000       0x40 obj_zoul/udma.o

.data           0x0000000020004040      0x1b1 load address 0x000000000020c668
                0x0000000020004040                _data = .
 *(SORT_BY_ALIGNMENT(.data*))
 .data.sensors  0x0000000020004040       0x10 obj_zoul/zoul-sensors.o
                0x0000000020004040                sensors
 .data.cc2538_rf_process
                0x0000000020004050       0x10 obj_zoul/cc2538-rf.o
                0x0000000020004050                cc2538_rf_process
 .data.ctxt     0x0000000020004060        0x8 obj_zoul/dbg-printf.o
 .data.ctimer_process
                0x0000000020004068       0x10 obj_zoul/ctimer.o
                0x0000000020004068                ctimer_process
 .data.etimer_process
                0x0000000020004078       0x10 obj_zoul/etimer.o
                0x0000000020004078                etimer_process
 .data.serial_line_process
                0x0000000020004088       0x10 obj_zoul/serial-line.o
                0x0000000020004088                serial_line_process
 .data.sensors_process
                0x0000000020004098       0x10 obj_zoul/sensors.o
                0x0000000020004098                sensors_process
 .data.ds6_neighbors
                0x00000000200040a8        0x4 obj_zoul/uip-ds6-nbr.o
                0x00000000200040a8                ds6_neighbors
 .data.ds6_neighbors_struct
                0x00000000200040ac       0x10 obj_zoul/uip-ds6-nbr.o
 .data.defaultroutermemb
                0x00000000200040bc        0xc obj_zoul/uip-ds6-route.o
 .data.nbr_routes
                0x00000000200040c8        0x4 obj_zoul/uip-ds6-route.o
                0x00000000200040c8                nbr_routes
 .data.nbr_routes_struct
                0x00000000200040cc       0x10 obj_zoul/uip-ds6-route.o
 .data.neighborroutememb
                0x00000000200040dc        0xc obj_zoul/uip-ds6-route.o
 .data.routememb
                0x00000000200040e8        0xc obj_zoul/uip-ds6-route.o
 .data.echo_reply_handler
                0x00000000200040f4        0xc obj_zoul/uip-icmp6.o
 .data.echo_request_handler
                0x0000000020004100        0xc obj_zoul/uip-icmp6.o
 .data.tcpip_process
                0x000000002000410c       0x10 obj_zoul/tcpip.o
                0x000000002000410c                tcpip_process
 .data.rpl_parents
                0x000000002000411c        0x4 obj_zoul/rpl-dag.o
                0x000000002000411c                rpl_parents
 .data.rpl_parents_struct
                0x0000000020004120       0x10 obj_zoul/rpl-dag.o
 .data.dao_ack_handler
                0x0000000020004130        0xc obj_zoul/rpl-icmp6.o
 .data.dao_handler
                0x000000002000413c        0xc obj_zoul/rpl-icmp6.o
 .data.dio_handler
                0x0000000020004148        0xc obj_zoul/rpl-icmp6.o
 .data.dis_handler
                0x0000000020004154        0xc obj_zoul/rpl-icmp6.o
 .data.rpl_mrhof
                0x0000000020004160       0x24 obj_zoul/rpl-mrhof.o
                0x0000000020004160                rpl_mrhof
 .data.link_stats_struct
                0x0000000020004184       0x10 obj_zoul/link-stats.o
 .data.neighbor_addr_mem
                0x0000000020004194        0xc obj_zoul/nbr-table.o
 .data.bufmem   0x00000000200041a0        0xc obj_zoul/queuebuf.o
 .data.buframmem
                0x00000000200041ac        0xc obj_zoul/queuebuf.o
 .data.metadata_memb
                0x00000000200041b8        0xc obj_zoul/csma.o
 .data.neighbor_memb
                0x00000000200041c4        0xc obj_zoul/csma.o
 .data.packet_memb
                0x00000000200041d0        0xc obj_zoul/csma.o
 .data.hello_world_process
                0x00000000200041dc       0x10 01-hello-world.co
                0x00000000200041dc                hello_world_process
 .data.mac_pan_id
                0x00000000200041ec        0x2 obj_zoul/frame802154.o
 .data.rf_channel
                0x00000000200041ee        0x1 obj_zoul/cc2538-rf.o
 .data.send_on_cca
                0x00000000200041ef        0x1 obj_zoul/cc2538-rf.o
 .data.dao_sequence
                0x00000000200041f0        0x1 obj_zoul/rpl-icmp6.o
                0x00000000200041f1                _edata = .
                0x000000000020c668                _ldata = LOADADDR (.data)

.igot.plt       0x00000000200041f4        0x0 load address 0x000000000020c819
 .igot.plt      0x00000000200041f4        0x0 obj_zoul/startup-gcc.o

.ARM.exidx      0x000000000020c81c        0x8
 *(SORT_BY_ALIGNMENT(.ARM.exidx*))
 .ARM.exidx     0x000000000020c81c        0x8 /usr/local/gcc-arm-none-eabi-10.3-2021.10/bin/../lib/gcc/arm-none-eabi/10.3.1/thumb/v7-m/nofp/libgcc.a(_udivmoddi4.o)

.bss            0x00000000200041f8     0x2756
                0x00000000200041f8                _bss = .
 *(SORT_BY_ALIGNMENT(.bss*))
 .bss.rt_ticks_epoch
                0x00000000200041f8        0x8 obj_zoul/clock.o
 .bss.rt_ticks_startup
                0x0000000020004200        0x8 obj_zoul/clock.o
 .bss.debouncetimer
                0x0000000020004208        0x8 obj_zoul/button-sensor.o
 .bss.press_counter
                0x0000000020004210       0x20 obj_zoul/button-sensor.o
 .bss.press_duration
                0x0000000020004230        0x4 obj_zoul/button-sensor.o
 .bss.next_trigger
                0x0000000020004234        0x4 obj_zoul/rtimer-arch.o
 .bss.input_handler
                0x0000000020004238        0x8 obj_zoul/uart.o
 .bss.interrupt_disable
                0x0000000020004240        0x4 obj_zoul/nvic.o
 .bss.interrupt_enable
                0x0000000020004244        0x4 obj_zoul/nvic.o
 .bss.interrupt_pend
                0x0000000020004248        0x4 obj_zoul/nvic.o
 .bss.interrupt_unpend
                0x000000002000424c        0x4 obj_zoul/nvic.o
 .bss.gpio_callbacks
                0x0000000020004250       0x80 obj_zoul/gpio.o
 .bss.ioc_over  0x00000000200042d0        0x4 obj_zoul/ioc.o
 .bss.ioc_sel   0x00000000200042d4        0x4 obj_zoul/ioc.o
 .bss.notification_process
                0x00000000200042d8        0x4 obj_zoul/crypto.o
 .bss.periph_permit_pm1_funcs
                0x00000000200042dc       0x14 obj_zoul/lpm.o
 .bss.notification_process
                0x00000000200042f0        0x4 obj_zoul/pka.o
 .bss.ctimer_list_list
                0x00000000200042f4        0x4 obj_zoul/ctimer.o
 .bss.next_expiration
                0x00000000200042f8        0x4 obj_zoul/etimer.o
 .bss.timerlist
                0x00000000200042fc        0x4 obj_zoul/etimer.o
 .bss.events    0x0000000020004300      0x180 obj_zoul/process.o
 .bss.process_current
                0x0000000020004480        0x4 obj_zoul/process.o
                0x0000000020004480                process_current
 .bss.process_list
                0x0000000020004484        0x4 obj_zoul/process.o
                0x0000000020004484                process_list
 .bss.next_rtimer
                0x0000000020004488        0x4 obj_zoul/rtimer.o
 .bss.ptr.2     0x000000002000448c        0x4 obj_zoul/serial-line.o
 .bss.rxbuf     0x0000000020004490        0x8 obj_zoul/serial-line.o
 .bss.events.0  0x0000000020004498        0x4 obj_zoul/sensors.o
 .bss.i.1       0x000000002000449c        0x4 obj_zoul/sensors.o
 .bss.callback  0x00000000200044a0        0x4 obj_zoul/sicslowpan.o
 .bss.context   0x00000000200044a4        0x4 obj_zoul/sicslowpan.o
 .bss.frag_info
                0x00000000200044a8      0x170 obj_zoul/sicslowpan.o
 .bss.hc06_ptr  0x0000000020004618        0x4 obj_zoul/sicslowpan.o
 .bss.last_rssi
                0x000000002000461c        0x4 obj_zoul/sicslowpan.o
 .bss.last_tx_status
                0x0000000020004620        0x4 obj_zoul/sicslowpan.o
 .bss.packetbuf_payload_len
                0x0000000020004624        0x4 obj_zoul/sicslowpan.o
 .bss.packetbuf_ptr
                0x0000000020004628        0x4 obj_zoul/sicslowpan.o
 .bss.uip_aligned_buf
                0x000000002000462c      0x514 obj_zoul/uip6.o
                0x000000002000462c                uip_aligned_buf
 .bss.uip_appdata
                0x0000000020004b40        0x4 obj_zoul/uip6.o
                0x0000000020004b40                uip_appdata
 .bss.uip_conn  0x0000000020004b44        0x4 obj_zoul/uip6.o
                0x0000000020004b44                uip_conn
 .bss.uip_conns
                0x0000000020004b48      0x1e0 obj_zoul/uip6.o
                0x0000000020004b48                uip_conns
 .bss.uip_icmp6_conns
                0x0000000020004d28        0x8 obj_zoul/uip6.o
                0x0000000020004d28                uip_icmp6_conns
 .bss.uip_next_hdr
                0x0000000020004d30        0x4 obj_zoul/uip6.o
                0x0000000020004d30                uip_next_hdr
 .bss.uip_sappdata
                0x0000000020004d34        0x4 obj_zoul/uip6.o
                0x0000000020004d34                uip_sappdata
 .bss.uip_udp_conn
                0x0000000020004d38        0x4 obj_zoul/uip6.o
                0x0000000020004d38                uip_udp_conn
 .bss.uip_udp_conns
                0x0000000020004d3c      0x140 obj_zoul/uip6.o
                0x0000000020004d3c                uip_udp_conns
 .bss.locaddr   0x0000000020004e7c        0x4 obj_zoul/uip-ds6.o
 .bss.locmaddr  0x0000000020004e80        0x4 obj_zoul/uip-ds6.o
 .bss.locprefix
                0x0000000020004e84        0x4 obj_zoul/uip-ds6.o
 .bss.uip_ds6_if
                0x0000000020004e88       0xf8 obj_zoul/uip-ds6.o
                0x0000000020004e88                uip_ds6_if
 .bss.uip_ds6_prefix_list
                0x0000000020004f80       0x60 obj_zoul/uip-ds6.o
                0x0000000020004f80                uip_ds6_prefix_list
 .bss.uip_ds6_timer_periodic
                0x0000000020004fe0       0x10 obj_zoul/uip-ds6.o
                0x0000000020004fe0                uip_ds6_timer_periodic
 .bss._nbr_routes_mem
                0x0000000020004ff0       0x80 obj_zoul/uip-ds6-route.o
 .bss.defaultrouterlist_list
                0x0000000020005070        0x4 obj_zoul/uip-ds6-route.o
 .bss.defaultroutermemb_memb_mem
                0x0000000020005074       0x40 obj_zoul/uip-ds6-route.o
 .bss.neighborroutememb_memb_mem
                0x00000000200050b4       0x80 obj_zoul/uip-ds6-route.o
 .bss.notificationlist_list
                0x0000000020005134        0x4 obj_zoul/uip-ds6-route.o
 .bss.num_routes
                0x0000000020005138        0x4 obj_zoul/uip-ds6-route.o
 .bss.routelist_list
                0x000000002000513c        0x4 obj_zoul/uip-ds6-route.o
 .bss.routememb_memb_mem
                0x0000000020005140      0x280 obj_zoul/uip-ds6-route.o
 .bss.echo_reply_callback_list_list
                0x00000000200053c0        0x4 obj_zoul/uip-icmp6.o
 .bss.input_handler_list_list
                0x00000000200053c4        0x4 obj_zoul/uip-icmp6.o
 .bss.outputfunc
                0x00000000200053c8        0x4 obj_zoul/tcpip.o
 .bss.periodic  0x00000000200053cc       0x10 obj_zoul/tcpip.o
 .bss.s         0x00000000200053dc       0x44 obj_zoul/tcpip.o
 .bss._rpl_parents_mem
                0x0000000020005420       0x80 obj_zoul/rpl-dag.o
 .bss.default_instance
                0x00000000200054a0        0x4 obj_zoul/rpl-dag.o
                0x00000000200054a0                default_instance
 .bss.instance_table
                0x00000000200054a4      0x154 obj_zoul/rpl-dag.o
                0x00000000200054a4                instance_table
 .bss.num_children
                0x00000000200055f8        0x4 obj_zoul/rpl-nbr-policy.o
 .bss.num_parents
                0x00000000200055fc        0x4 obj_zoul/rpl-nbr-policy.o
 .bss.periodic_timer
                0x0000000020005600       0x20 obj_zoul/rpl-nbr-policy.o
 .bss.timer_init
                0x0000000020005620        0x4 obj_zoul/rpl-nbr-policy.o
 .bss.worst_rank_nbr
                0x0000000020005624        0x4 obj_zoul/rpl-nbr-policy.o
 .bss.periodic_timer
                0x0000000020005628       0x20 obj_zoul/rpl-timers.o
 .bss._link_stats_mem
                0x0000000020005648       0xc0 obj_zoul/link-stats.o
 .bss.periodic_timer
                0x0000000020005708       0x20 obj_zoul/link-stats.o
                0x0000000020005708                periodic_timer
 .bss.all_tables
                0x0000000020005728       0x20 obj_zoul/nbr-table.o
 .bss.nbr_table_keys_list
                0x0000000020005748        0x4 obj_zoul/nbr-table.o
 .bss.neighbor_addr_mem_memb_mem
                0x000000002000574c       0xc0 obj_zoul/nbr-table.o
 .bss.num_tables
                0x000000002000580c        0x4 obj_zoul/nbr-table.o
 .bss.packetbuf_aligned
                0x0000000020005810       0x80 obj_zoul/packetbuf.o
 .bss.bufmem_memb_mem
                0x0000000020005890       0x20 obj_zoul/queuebuf.o
 .bss.metadata_memb_memb_mem
                0x00000000200058b0       0x60 obj_zoul/csma.o
 .bss.neighbor_list_list
                0x0000000020005910        0x4 obj_zoul/csma.o
 .bss.neighbor_memb_memb_mem
                0x0000000020005914       0x70 obj_zoul/csma.o
 .bss.packet_memb_memb_mem
                0x0000000020005984       0x60 obj_zoul/csma.o
 .bss.received_seqnos
                0x00000000200059e4      0x100 obj_zoul/mac-sequence.o
 .bss.ct.0      0x0000000020005ae4       0x20 obj_zoul/contikimac.o
 .bss.cycle_start
                0x0000000020005b04        0x4 obj_zoul/contikimac.o
 .bss.rt        0x0000000020005b08        0xc obj_zoul/contikimac.o
 .bss.start.3   0x0000000020005b14        0x4 obj_zoul/contikimac.o
 .bss.we_are_receiving_burst
                0x0000000020005b18        0x4 obj_zoul/contikimac.o
 .bss.timer.2   0x0000000020005b1c       0x10 01-hello-world.co
 .bss.my_tag    0x0000000020005b2c        0x2 obj_zoul/sicslowpan.o
 .bss.lastport  0x0000000020005b2e        0x2 obj_zoul/uip6.o
 .bss.uip_len   0x0000000020005b30        0x2 obj_zoul/uip6.o
                0x0000000020005b30                uip_len
 .bss.uip_listenports
                0x0000000020005b32       0x10 obj_zoul/uip6.o
                0x0000000020005b32                uip_listenports
 .bss.uip_slen  0x0000000020005b42        0x2 obj_zoul/uip6.o
                0x0000000020005b42                uip_slen
 .bss.loc_fipaddr
                0x0000000020005b44       0x10 obj_zoul/uip-ds6.o
 .bss._ds6_neighbors_mem
                0x0000000020005b54      0x120 obj_zoul/uip-ds6-nbr.o
 .bss.tmp_ipaddr
                0x0000000020005c74       0x10 obj_zoul/uip-icmp6.o
 .bss.worst_rank
                0x0000000020005c84        0x2 obj_zoul/rpl-nbr-policy.o
 .bss.next_dis  0x0000000020005c86        0x2 obj_zoul/rpl-timers.o
 .bss.buflen    0x0000000020005c88        0x2 obj_zoul/packetbuf.o
 .bss.bufptr    0x0000000020005c8a        0x2 obj_zoul/packetbuf.o
 .bss.packetbuf_attrs
                0x0000000020005c8c       0x1e obj_zoul/packetbuf.o
                0x0000000020005c8c                packetbuf_attrs
 .bss.buframmem_memb_mem
                0x0000000020005caa      0x580 obj_zoul/queuebuf.o
 .bss.seqno.0   0x000000002000622a        0x2 obj_zoul/csma.o
 .bss.pt        0x000000002000622c        0x2 obj_zoul/contikimac.o
 .bss.leds      0x000000002000622e        0x1 obj_zoul/leds.o
 .bss.button_press_duration_exceeded
                0x000000002000622f        0x1 obj_zoul/button-sensor.o
                0x000000002000622f                button_press_duration_exceeded
 .bss.press_event_counter
                0x0000000020006230        0x1 obj_zoul/button-sensor.o
 .bss.sensors_flags
                0x0000000020006231        0x4 obj_zoul/zoul-sensors.o
                0x0000000020006231                sensors_flags
 .bss.initialized
                0x0000000020006235        0x1 obj_zoul/antenna-sw.o
 .bss.crc_corr  0x0000000020006236        0x1 obj_zoul/cc2538-rf.o
 .bss.poll_mode
                0x0000000020006237        0x1 obj_zoul/cc2538-rf.o
 .bss.rf_flags  0x0000000020006238        0x1 obj_zoul/cc2538-rf.o
 .bss.rssi      0x0000000020006239        0x1 obj_zoul/cc2538-rf.o
 .bss.max_pm    0x000000002000623a        0x1 obj_zoul/lpm.o
 .bss.initialized
                0x000000002000623b        0x1 obj_zoul/ctimer.o
 .bss.fevent    0x000000002000623c        0x1 obj_zoul/process.o
 .bss.lastevent
                0x000000002000623d        0x1 obj_zoul/process.o
 .bss.nevents   0x000000002000623e        0x1 obj_zoul/process.o
 .bss.poll_requested
                0x000000002000623f        0x1 obj_zoul/process.o
 .bss.buf.1     0x0000000020006240       0x80 obj_zoul/serial-line.o
 .bss.overflow.0
                0x00000000200062c0        0x1 obj_zoul/serial-line.o
 .bss.rxbuf_data
                0x00000000200062c1       0x80 obj_zoul/serial-line.o
 .bss.serial_line_event_message
                0x0000000020006341        0x1 obj_zoul/serial-line.o
                0x0000000020006341                serial_line_event_message
 .bss.num_sensors
                0x0000000020006342        0x1 obj_zoul/sensors.o
 .bss.sensors_event
                0x0000000020006343        0x1 obj_zoul/sensors.o
                0x0000000020006343                sensors_event
 .bss.addr_contexts
                0x0000000020006344        0xa obj_zoul/sicslowpan.o
 .bss.frag_buf  0x000000002000634e      0x54c obj_zoul/sicslowpan.o
 .bss.packetbuf_hdr_len
                0x000000002000689a        0x1 obj_zoul/sicslowpan.o
 .bss.uncomp_hdr_len
                0x000000002000689b        0x1 obj_zoul/sicslowpan.o
 .bss.iss       0x000000002000689c        0x4 obj_zoul/uip6.o
 .bss.uip_acc32
                0x00000000200068a0        0x4 obj_zoul/uip6.o
                0x00000000200068a0                uip_acc32
 .bss.uip_ext_bitmap
                0x00000000200068a4        0x1 obj_zoul/uip6.o
                0x00000000200068a4                uip_ext_bitmap
 .bss.uip_ext_len
                0x00000000200068a5        0x1 obj_zoul/uip6.o
                0x00000000200068a5                uip_ext_len
 .bss.uip_ext_opt_offset
                0x00000000200068a6        0x1 obj_zoul/uip6.o
                0x00000000200068a6                uip_ext_opt_offset
 .bss.uip_flags
                0x00000000200068a7        0x1 obj_zoul/uip6.o
                0x00000000200068a7                uip_flags
 .bss.uip_lladdr
                0x00000000200068a8        0x8 obj_zoul/uip6.o
                0x00000000200068a8                uip_lladdr
 .bss.uip_ds6_addr_size
                0x00000000200068b0        0x1 obj_zoul/uip-ds6.o
                0x00000000200068b0                uip_ds6_addr_size
 .bss.uip_ds6_netif_addr_list_offset
                0x00000000200068b1        0x1 obj_zoul/uip-ds6.o
                0x00000000200068b1                uip_ds6_netif_addr_list_offset
 .bss.defaultroutermemb_memb_count
                0x00000000200068b2        0x2 obj_zoul/uip-ds6-route.o
 .bss.neighborroutememb_memb_count
                0x00000000200068b4       0x10 obj_zoul/uip-ds6-route.o
 .bss.routememb_memb_count
                0x00000000200068c4       0x10 obj_zoul/uip-ds6-route.o
 .bss.tcpip_event
                0x00000000200068d4        0x1 obj_zoul/tcpip.o
                0x00000000200068d4                tcpip_event
 .bss.tcpip_icmp6_event
                0x00000000200068d5        0x1 obj_zoul/tcpip.o
                0x00000000200068d5                tcpip_icmp6_event
 .bss.mode      0x00000000200068d6        0x1 obj_zoul/rpl.o
 .bss.dio_send_ok
                0x00000000200068d7        0x1 obj_zoul/rpl-timers.o
 .bss.linkaddr_node_addr
                0x00000000200068d8        0x8 obj_zoul/linkaddr.o
                0x00000000200068d8                linkaddr_node_addr
 .bss.locked_map
                0x00000000200068e0       0x10 obj_zoul/nbr-table.o
 .bss.neighbor_addr_mem_memb_count
                0x00000000200068f0       0x10 obj_zoul/nbr-table.o
 .bss.used_map  0x0000000020006900       0x10 obj_zoul/nbr-table.o
 .bss.hdrlen    0x0000000020006910        0x1 obj_zoul/packetbuf.o
 .bss.packetbuf_addrs
                0x0000000020006911       0x10 obj_zoul/packetbuf.o
                0x0000000020006911                packetbuf_addrs
 .bss.bufmem_memb_count
                0x0000000020006921        0x8 obj_zoul/queuebuf.o
 .bss.buframmem_memb_count
                0x0000000020006929        0x8 obj_zoul/queuebuf.o
 .bss.initialized.1
                0x0000000020006931        0x1 obj_zoul/csma.o
 .bss.metadata_memb_memb_count
                0x0000000020006932        0x8 obj_zoul/csma.o
 .bss.neighbor_memb_memb_count
                0x000000002000693a        0x2 obj_zoul/csma.o
 .bss.packet_memb_memb_count
                0x000000002000693c        0x8 obj_zoul/csma.o
 .bss.initialized
                0x0000000020006944        0x1 obj_zoul/framer-802154.o
 .bss.mac_dsn   0x0000000020006945        0x1 obj_zoul/framer-802154.o
 .bss.contikimac_is_on
                0x0000000020006946        0x1 obj_zoul/contikimac.o
 .bss.contikimac_keep_radio_on
                0x0000000020006947        0x1 obj_zoul/contikimac.o
 .bss.count.4   0x0000000020006948        0x1 obj_zoul/contikimac.o
 .bss.packet_seen.5
                0x0000000020006949        0x1 obj_zoul/contikimac.o
 .bss.periods.1
                0x000000002000694a        0x1 obj_zoul/contikimac.o
 .bss.radio_is_on
                0x000000002000694b        0x1 obj_zoul/contikimac.o
 .bss.silence_periods.2
                0x000000002000694c        0x1 obj_zoul/contikimac.o
 .bss.we_are_sending
                0x000000002000694d        0x1 obj_zoul/contikimac.o
 *(SORT_BY_ALIGNMENT(COMMON))
                0x000000002000694e                _ebss = .

.stack          0x0000000020006950      0x800
 *(SORT_BY_ALIGNMENT(.stack))
 .stack         0x0000000020006950      0x800 obj_zoul/startup-gcc.o
                0x0000000020007150                _heap = .